Connecting to LaserStream: https://laserstream-mainnet-lax.helius-rpc.com
=== TRAINING CAPTURE MODE ===
Duration: 300 minutes
Commitment: CONFIRMED (training mode)
Filters: BROAD (no mayhem/cashback/complete/account-required/data-slice optimizations)
Output dir: /mnt/d/repos/mev_bot/tools/stream-capture-rs/grpc-server-only/training-data
Subscribing (CONFIRMED, BROAD)...
=== CAPTURE STARTED ===
Session: 20260823_133256_000398
PID: 398
Duration: 300 minutes (18000000 ms)
[stats 0min] raw=5232 events=180 | creates=1 buys=108/0 sells=71/0 completes=0 migrations=0 pumpswap_buys=0 pumpswap_sells=0 pools=0 dups=0
[stats 1min] raw=9139 events=309 | creates=1 buys=187/0 sells=121/0 completes=0 migrations=0 pumpswap_buys=0 pumpswap_sells=0 pools=0 dups=0
[stats 1min] raw=20766 events=472 | creates=1 buys=257/0 sells=214/0 completes=0 migrations=0 pumpswap_buys=0 pumpswap_sells=0 pools=0 dups=0
[stats 2min] raw=28290 events=659 | creates=1 buys=345/0 sells=313/0 completes=0 migrations=0 pumpswap_buys=0 pumpswap_sells=0 pools=0 dups=0
[stats 2min] raw=36027 events=762 | creates=1 buys=392/0 sells=369/0 completes=0 migrations=0 pumpswap_buys=0 pumpswap_sells=0 pools=0 dups=0
[stats 3min] raw=46422 events=893 | creates=1 buys=452/0 sells=440/0 completes=0 migrations=0 pumpswap_buys=0 pumpswap_sells=0 pools=0 dups=0
[stats 3min] raw=53635 events=1090 | creates=1 buys=549/0 sells=540/0 completes=0 migrations=0 pumpswap_buys=0 pumpswap_sells=0 pools=0 dups=0
[stats 4min] raw=62614 events=1293 | creates=1 buys=642/0 sells=650/0 completes=0 migrations=0 pumpswap_buys=0 pumpswap_sells=0 pools=0 dups=0
[stats 4min] raw=68954 events=1514 | creates=1 buys=729/0 sells=783/0 completes=0 migrations=1 pumpswap_buys=0 pumpswap_sells=0 pools=0 dups=0
[stats 5min] raw=86048 events=2018 | creates=1 buys=907/0 sells=1109/0 completes=0 migrations=1 pumpswap_buys=0 pumpswap_sells=0 pools=0 dups=0
[stats 5min] raw=93452 events=2307 | creates=1 buys=1053/0 sells=1252/0 completes=0 migrations=1 pumpswap_buys=0 pumpswap_sells=0 pools=0 dups=0
[stats 6min] raw=116542 events=2744 | creates=1 buys=1202/0 sells=1541/0 completes=0 migrations=1 pumpswap_buys=0 pumpswap_sells=0 pools=0 dups=0
[stats 6min] raw=128594 events=3081 | creates=1 buys=1369/0 sells=1710/0 completes=0 migrations=1 pumpswap_buys=0 pumpswap_sells=0 pools=0 dups=0
[stats 7min] raw=136419 events=3404 | creates=1 buys=1527/0 sells=1875/0 completes=0 migrations=1 pumpswap_buys=0 pumpswap_sells=0 pools=0 dups=0
[stats 7min] raw=147511 events=3841 | creates=1 buys=1686/0 sells=2153/0 completes=0 migrations=1 pumpswap_buys=0 pumpswap_sells=0 pools=0 dups=0
[stats 8min] raw=159244 events=4149 | creates=1 buys=1822/0 sells=2325/0 completes=0 migrations=1 pumpswap_buys=0 pumpswap_sells=0 pools=0 dups=0
[stats 8min] raw=170803 events=4413 | creates=1 buys=1946/0 sells=2465/0 completes=0 migrations=1 pumpswap_buys=0 pumpswap_sells=0 pools=0 dups=0
[stats 9min] raw=177393 events=4639 | creates=1 buys=2040/0 sells=2597/0 completes=0 migrations=1 pumpswap_buys=0 pumpswap_sells=0 pools=0 dups=0
[stats 9min] raw=190409 events=4887 | creates=1 buys=2170/0 sells=2715/0 completes=0 migrations=1 pumpswap_buys=0 pumpswap_sells=0 pools=0 dups=0
[stats 10min] raw=197259 events=5106 | creates=1 buys=2272/0 sells=2832/0 completes=0 migrations=1 pumpswap_buys=0 pumpswap_sells=0 pools=0 dups=0
[stats 10min] raw=201872 events=5389 | creates=1 buys=2393/0 sells=2994/0 completes=0 migrations=1 pumpswap_buys=0 pumpswap_sells=0 pools=0 dups=0
[stats 11min] raw=211078 events=5650 | creates=1 buys=2516/0 sells=3131/0 completes=0 migrations=2 pumpswap_buys=0 pumpswap_sells=0 pools=0 dups=0
[stats 11min] raw=217154 events=5930 | creates=1 buys=2645/0 sells=3282/0 completes=0 migrations=2 pumpswap_buys=0 pumpswap_sells=0 pools=0 dups=0
[stats 12min] raw=224623 events=6258 | creates=2 buys=2814/0 sells=3440/0 completes=0 migrations=2 pumpswap_buys=0 pumpswap_sells=0 pools=0 dups=0
[stats 12min] raw=232021 events=6616 | creates=2 buys=2986/0 sells=3626/0 completes=0 migrations=2 pumpswap_buys=0 pumpswap_sells=0 pools=0 dups=0
[stats 13min] raw=236380 events=6956 | creates=2 buys=3138/0 sells=3814/0 completes=0 migrations=2 pumpswap_buys=0 pumpswap_sells=0 pools=0 dups=0
[stats 13min] raw=240531 events=7266 | creates=2 buys=3278/0 sells=3984/0 completes=0 migrations=2 pumpswap_buys=0 pumpswap_sells=0 pools=0 dups=0
[stats 14min] raw=245365 events=7635 | creates=2 buys=3470/0 sells=4161/0 completes=0 migrations=2 pumpswap_buys=0 pumpswap_sells=0 pools=0 dups=0
[stats 14min] raw=250868 events=8023 | creates=2 buys=3667/0 sells=4352/0 completes=0 migrations=2 pumpswap_buys=0 pumpswap_sells=0 pools=0 dups=0
[stats 15min] raw=260867 events=8376 | creates=2 buys=3853/0 sells=4519/0 completes=0 migrations=2 pumpswap_buys=0 pumpswap_sells=0 pools=0 dups=0
[stats 15min] raw=268690 events=8826 | creates=2 buys=3964/0 sells=4858/0 completes=0 migrations=2 pumpswap_buys=0 pumpswap_sells=0 pools=0 dups=0
[stats 16min] raw=276645 events=9186 | creates=2 buys=4135/0 sells=5047/0 completes=0 migrations=2 pumpswap_buys=0 pumpswap_sells=0 pools=0 dups=0
[stats 16min] raw=282989 events=9377 | creates=2 buys=4238/0 sells=5135/0 completes=0 migrations=2 pumpswap_buys=0 pumpswap_sells=0 pools=0 dups=0
[stats 17min] raw=288142 events=9547 | creates=2 buys=4330/0 sells=5213/0 completes=0 migrations=2 pumpswap_buys=0 pumpswap_sells=0 pools=0 dups=0
[stats 17min] raw=292169 events=9721 | creates=2 buys=4396/0 sells=5321/0 completes=0 migrations=2 pumpswap_buys=0 pumpswap_sells=0 pools=0 dups=0
[stats 18min] raw=301463 events=9996 | creates=2 buys=4533/0 sells=5459/0 completes=0 migrations=2 pumpswap_buys=0 pumpswap_sells=0 pools=0 dups=0
[stats 18min] raw=308227 events=10196 | creates=3 buys=4643/0 sells=5548/0 completes=0 migrations=2 pumpswap_buys=0 pumpswap_sells=0 pools=0 dups=0
[stats 19min] raw=317492 events=10364 | creates=3 buys=4727/0 sells=5632/0 completes=0 migrations=2 pumpswap_buys=0 pumpswap_sells=0 pools=0 dups=0
[stats 19min] raw=329268 events=10581 | creates=3 buys=4846/0 sells=5730/0 completes=0 migrations=2 pumpswap_buys=0 pumpswap_sells=0 pools=0 dups=0
[stats 20min] raw=336884 events=10761 | creates=3 buys=4934/0 sells=5822/0 completes=0 migrations=2 pumpswap_buys=0 pumpswap_sells=0 pools=0 dups=0
[stats 20min] raw=342810 events=11037 | creates=3 buys=5042/0 sells=5990/0 completes=0 migrations=2 pumpswap_buys=0 pumpswap_sells=0 pools=0 dups=0
[stats 21min] raw=350824 events=11214 | creates=3 buys=5123/0 sells=6086/0 completes=0 migrations=2 pumpswap_buys=0 pumpswap_sells=0 pools=0 dups=0
[stats 21min] raw=356410 events=11505 | creates=3 buys=5309/0 sells=6191/0 completes=0 migrations=2 pumpswap_buys=0 pumpswap_sells=0 pools=0 dups=0
[stats 22min] raw=364159 events=11750 | creates=3 buys=5435/0 sells=6310/0 completes=0 migrations=2 pumpswap_buys=0 pumpswap_sells=0 pools=0 dups=0
[stats 22min] raw=380933 events=11986 | creates=3 buys=5529/0 sells=6452/0 completes=0 migrations=2 pumpswap_buys=0 pumpswap_sells=0 pools=0 dups=0
[stats 23min] raw=388747 events=12173 | creates=3 buys=5596/0 sells=6572/0 completes=0 migrations=2 pumpswap_buys=0 pumpswap_sells=0 pools=0 dups=0
[stats 23min] raw=395395 events=12365 | creates=3 buys=5683/0 sells=6677/0 completes=0 migrations=2 pumpswap_buys=0 pumpswap_sells=0 pools=0 dups=0
[stats 24min] raw=401640 events=12599 | creates=3 buys=5785/0 sells=6809/0 completes=0 migrations=2 pumpswap_buys=0 pumpswap_sells=0 pools=0 dups=0
[stats 24min] raw=407849 events=12807 | creates=3 buys=5879/0 sells=6923/0 completes=0 migrations=2 pumpswap_buys=0 pumpswap_sells=0 pools=0 dups=0
[stats 25min] raw=418323 events=13064 | creates=3 buys=5986/0 sells=7073/0 completes=0 migrations=2 pumpswap_buys=0 pumpswap_sells=0 pools=0 dups=0
[stats 25min] raw=426284 events=13312 | creates=4 buys=6112/0 sells=7194/0 completes=0 migrations=2 pumpswap_buys=0 pumpswap_sells=0 pools=0 dups=0
[stats 26min] raw=434434 events=13579 | creates=5 buys=6254/0 sells=7318/0 completes=0 migrations=2 pumpswap_buys=0 pumpswap_sells=0 pools=0 dups=0
[stats 26min] raw=441139 events=13882 | creates=5 buys=6424/0 sells=7451/0 completes=0 migrations=2 pumpswap_buys=0 pumpswap_sells=0 pools=0 dups=0
[stats 27min] raw=453460 events=14151 | creates=5 buys=6575/0 sells=7569/0 completes=0 migrations=2 pumpswap_buys=0 pumpswap_sells=0 pools=0 dups=0
[stats 27min] raw=464987 events=14429 | creates=5 buys=6702/0 sells=7720/0 completes=0 migrations=2 pumpswap_buys=0 pumpswap_sells=0 pools=0 dups=0
[stats 28min] raw=478248 events=14699 | creates=5 buys=6819/0 sells=7873/0 completes=0 migrations=2 pumpswap_buys=0 pumpswap_sells=0 pools=0 dups=0
[stats 28min] raw=491594 events=14924 | creates=5 buys=6934/0 sells=7983/0 completes=0 migrations=2 pumpswap_buys=0 pumpswap_sells=0 pools=0 dups=0
[stats 29min] raw=502524 events=15122 | creates=5 buys=7008/0 sells=8107/0 completes=0 migrations=2 pumpswap_buys=0 pumpswap_sells=0 pools=0 dups=0
[stats 29min] raw=507231 events=15306 | creates=5 buys=7105/0 sells=8194/0 completes=0 migrations=2 pumpswap_buys=0 pumpswap_sells=0 pools=0 dups=0
[stats 30min] raw=512654 events=15483 | creates=6 buys=7190/0 sells=8285/0 completes=0 migrations=2 pumpswap_buys=0 pumpswap_sells=0 pools=0 dups=0
[stats 30min] raw=518250 events=15596 | creates=6 buys=7236/0 sells=8352/0 completes=0 migrations=2 pumpswap_buys=0 pumpswap_sells=0 pools=0 dups=0
[stats 31min] raw=525613 events=15775 | creates=6 buys=7323/0 sells=8444/0 completes=0 migrations=2 pumpswap_buys=0 pumpswap_sells=0 pools=0 dups=0
[stats 31min] raw=538494 events=16059 | creates=6 buys=7454/0 sells=8597/0 completes=0 migrations=2 pumpswap_buys=0 pumpswap_sells=0 pools=0 dups=0
[stats 32min] raw=542544 events=16239 | creates=7 buys=7541/0 sells=8689/0 completes=0 migrations=2 pumpswap_buys=0 pumpswap_sells=0 pools=0 dups=0
[stats 32min] raw=554707 events=16514 | creates=7 buys=7672/0 sells=8833/0 completes=0 migrations=2 pumpswap_buys=0 pumpswap_sells=0 pools=0 dups=0
[stats 33min] raw=568594 events=16831 | creates=7 buys=7830/0 sells=8992/0 completes=0 migrations=2 pumpswap_buys=0 pumpswap_sells=0 pools=0 dups=0
[stats 33min] raw=576619 events=17051 | creates=7 buys=7937/0 sells=9105/0 completes=0 migrations=2 pumpswap_buys=0 pumpswap_sells=0 pools=0 dups=0
[stats 34min] raw=585538 events=17278 | creates=8 buys=8057/0 sells=9211/0 completes=0 migrations=2 pumpswap_buys=0 pumpswap_sells=0 pools=0 dups=0
[stats 34min] raw=597447 events=17564 | creates=8 buys=8182/0 sells=9372/0 completes=0 migrations=2 pumpswap_buys=0 pumpswap_sells=0 pools=0 dups=0
[stats 35min] raw=602809 events=17793 | creates=8 buys=8262/0 sells=9521/0 completes=0 migrations=2 pumpswap_buys=0 pumpswap_sells=0 pools=0 dups=0
[stats 35min] raw=608934 events=17948 | creates=9 buys=8323/0 sells=9614/0 completes=0 migrations=2 pumpswap_buys=0 pumpswap_sells=0 pools=0 dups=0
[stats 36min] raw=620773 events=18191 | creates=10 buys=8448/0 sells=9731/0 completes=0 migrations=2 pumpswap_buys=0 pumpswap_sells=0 pools=0 dups=0
[stats 36min] raw=627595 events=18505 | creates=10 buys=8577/0 sells=9916/0 completes=0 migrations=2 pumpswap_buys=0 pumpswap_sells=0 pools=0 dups=0
[stats 37min] raw=630881 events=18699 | creates=10 buys=8622/0 sells=10065/0 completes=0 migrations=2 pumpswap_buys=0 pumpswap_sells=0 pools=0 dups=0
[stats 37min] raw=635956 events=18898 | creates=10 buys=8689/0 sells=10197/0 completes=0 migrations=2 pumpswap_buys=0 pumpswap_sells=0 pools=0 dups=0
[stats 38min] raw=643262 events=19237 | creates=10 buys=8846/0 sells=10379/0 completes=0 migrations=2 pumpswap_buys=0 pumpswap_sells=0 pools=0 dups=0
[stats 38min] raw=648064 events=19459 | creates=10 buys=8964/0 sells=10483/0 completes=0 migrations=2 pumpswap_buys=0 pumpswap_sells=0 pools=0 dups=0
[stats 39min] raw=654270 events=19666 | creates=10 buys=9065/0 sells=10589/0 completes=0 migrations=2 pumpswap_buys=0 pumpswap_sells=0 pools=0 dups=0
[stats 39min] raw=659356 events=19907 | creates=11 buys=9174/0 sells=10720/0 completes=0 migrations=2 pumpswap_buys=0 pumpswap_sells=0 pools=0 dups=0
[stats 40min] raw=668621 events=20169 | creates=11 buys=9307/0 sells=10849/0 completes=0 migrations=2 pumpswap_buys=0 pumpswap_sells=0 pools=0 dups=0
[stats 40min] raw=678081 events=20443 | creates=11 buys=9420/0 sells=11010/0 completes=0 migrations=2 pumpswap_buys=0 pumpswap_sells=0 pools=0 dups=0
[stats 41min] raw=687904 events=20679 | creates=11 buys=9529/0 sells=11137/0 completes=0 migrations=2 pumpswap_buys=0 pumpswap_sells=0 pools=0 dups=0
[stats 41min] raw=693753 events=20874 | creates=11 buys=9597/0 sells=11264/0 completes=0 migrations=2 pumpswap_buys=0 pumpswap_sells=0 pools=0 dups=0
[stats 42min] raw=701499 events=21086 | creates=12 buys=9681/0 sells=11391/0 completes=0 migrations=2 pumpswap_buys=0 pumpswap_sells=0 pools=0 dups=0
[stats 42min] raw=708780 events=21310 | creates=12 buys=9790/0 sells=11506/0 completes=0 migrations=2 pumpswap_buys=0 pumpswap_sells=0 pools=0 dups=0
[stats 43min] raw=717545 events=21492 | creates=12 buys=9856/0 sells=11622/0 completes=0 migrations=2 pumpswap_buys=0 pumpswap_sells=0 pools=0 dups=0
[stats 43min] raw=726400 events=21707 | creates=12 buys=9952/0 sells=11741/0 completes=0 migrations=2 pumpswap_buys=0 pumpswap_sells=0 pools=0 dups=0
[stats 44min] raw=732929 events=21896 | creates=12 buys=10033/0 sells=11849/0 completes=0 migrations=2 pumpswap_buys=0 pumpswap_sells=0 pools=0 dups=0
[stats 44min] raw=745883 events=22207 | creates=12 buys=10141/0 sells=12052/0 completes=0 migrations=2 pumpswap_buys=0 pumpswap_sells=0 pools=0 dups=0
[stats 45min] raw=752718 events=22445 | creates=12 buys=10223/0 sells=12208/0 completes=0 migrations=2 pumpswap_buys=0 pumpswap_sells=0 pools=0 dups=0
[stats 45min] raw=758473 events=22708 | creates=12 buys=10344/0 sells=12350/0 completes=0 migrations=2 pumpswap_buys=0 pumpswap_sells=0 pools=0 dups=0
[stats 46min] raw=769621 events=22924 | creates=12 buys=10441/0 sells=12469/0 completes=0 migrations=2 pumpswap_buys=0 pumpswap_sells=0 pools=0 dups=0
[stats 46min] raw=777867 events=23200 | creates=12 buys=10580/0 sells=12606/0 completes=0 migrations=2 pumpswap_buys=0 pumpswap_sells=0 pools=0 dups=0
[stats 47min] raw=784504 events=23418 | creates=12 buys=10681/0 sells=12723/0 completes=0 migrations=2 pumpswap_buys=0 pumpswap_sells=0 pools=0 dups=0
[stats 47min] raw=789580 events=23688 | creates=12 buys=10796/0 sells=12878/0 completes=0 migrations=2 pumpswap_buys=0 pumpswap_sells=0 pools=0 dups=0
[stats 48min] raw=803668 events=23978 | creates=12 buys=10915/0 sells=13049/0 completes=0 migrations=2 pumpswap_buys=0 pumpswap_sells=0 pools=0 dups=0
[stats 48min] raw=809107 events=24165 | creates=12 buys=11004/0 sells=13147/0 completes=0 migrations=2 pumpswap_buys=0 pumpswap_sells=0 pools=0 dups=0
[stats 49min] raw=816952 events=24393 | creates=12 buys=11103/0 sells=13276/0 completes=0 migrations=2 pumpswap_buys=0 pumpswap_sells=0 pools=0 dups=0
[stats 49min] raw=829722 events=24619 | creates=12 buys=11196/0 sells=13409/0 completes=0 migrations=2 pumpswap_buys=0 pumpswap_sells=0 pools=0 dups=0
[stats 50min] raw=846489 events=24830 | creates=12 buys=11284/0 sells=13532/0 completes=0 migrations=2 pumpswap_buys=0 pumpswap_sells=0 pools=0 dups=0
[stats 50min] raw=855376 events=24981 | creates=12 buys=11351/0 sells=13616/0 completes=0 migrations=2 pumpswap_buys=0 pumpswap_sells=0 pools=0 dups=0
[stats 51min] raw=862509 events=25125 | creates=12 buys=11422/0 sells=13689/0 completes=0 migrations=2 pumpswap_buys=0 pumpswap_sells=0 pools=0 dups=0
[stats 51min] raw=875456 events=25367 | creates=12 buys=11535/0 sells=13818/0 completes=0 migrations=2 pumpswap_buys=0 pumpswap_sells=0 pools=0 dups=0
[stats 52min] raw=883310 events=25540 | creates=12 buys=11613/0 sells=13913/0 completes=0 migrations=2 pumpswap_buys=0 pumpswap_sells=0 pools=0 dups=0
[stats 52min] raw=896884 events=25809 | creates=12 buys=11732/0 sells=14063/0 completes=0 migrations=2 pumpswap_buys=0 pumpswap_sells=0 pools=0 dups=0
[stats 53min] raw=907071 events=25999 | creates=12 buys=11812/0 sells=14173/0 completes=0 migrations=2 pumpswap_buys=0 pumpswap_sells=0 pools=0 dups=0
[stats 53min] raw=914616 events=26218 | creates=12 buys=11917/0 sells=14287/0 completes=0 migrations=2 pumpswap_buys=0 pumpswap_sells=0 pools=0 dups=0
[stats 54min] raw=924450 events=26428 | creates=13 buys=12013/0 sells=14399/0 completes=0 migrations=3 pumpswap_buys=0 pumpswap_sells=0 pools=0 dups=0
[stats 54min] raw=934014 events=26722 | creates=13 buys=12152/0 sells=14554/0 completes=0 migrations=3 pumpswap_buys=0 pumpswap_sells=0 pools=0 dups=0
[stats 55min] raw=939819 events=26936 | creates=13 buys=12251/0 sells=14669/0 completes=0 migrations=3 pumpswap_buys=0 pumpswap_sells=0 pools=0 dups=0
[stats 55min] raw=945766 events=27141 | creates=13 buys=12352/0 sells=14773/0 completes=0 migrations=3 pumpswap_buys=0 pumpswap_sells=0 pools=0 dups=0
[stats 56min] raw=952227 events=27329 | creates=13 buys=12458/0 sells=14855/0 completes=0 migrations=3 pumpswap_buys=0 pumpswap_sells=0 pools=0 dups=0
[stats 56min] raw=972794 events=27607 | creates=13 buys=12588/0 sells=15003/0 completes=0 migrations=3 pumpswap_buys=0 pumpswap_sells=0 pools=0 dups=0
[stats 57min] raw=989831 events=27859 | creates=13 buys=12700/0 sells=15142/0 completes=0 migrations=4 pumpswap_buys=0 pumpswap_sells=0 pools=0 dups=0
[stats 57min] raw=1003438 events=28213 | creates=13 buys=12817/0 sells=15379/0 completes=0 migrations=4 pumpswap_buys=0 pumpswap_sells=0 pools=0 dups=0
[stats 58min] raw=1016300 events=28454 | creates=13 buys=12937/0 sells=15500/0 completes=0 migrations=4 pumpswap_buys=0 pumpswap_sells=0 pools=0 dups=0
[stats 58min] raw=1020195 events=28616 | creates=13 buys=13018/0 sells=15581/0 completes=0 migrations=4 pumpswap_buys=0 pumpswap_sells=0 pools=0 dups=0
[stats 59min] raw=1033875 events=28858 | creates=13 buys=13105/0 sells=15736/0 completes=0 migrations=4 pumpswap_buys=0 pumpswap_sells=0 pools=0 dups=0
[stats 59min] raw=1041704 events=29055 | creates=13 buys=13178/0 sells=15859/0 completes=0 migrations=5 pumpswap_buys=0 pumpswap_sells=0 pools=0 dups=0
[stats 60min] raw=1048814 events=29221 | creates=13 buys=13267/0 sells=15936/0 completes=0 migrations=5 pumpswap_buys=0 pumpswap_sells=0 pools=0 dups=0
[stats 60min] raw=1054427 events=29394 | creates=13 buys=13351/0 sells=16025/0 completes=0 migrations=5 pumpswap_buys=0 pumpswap_sells=0 pools=0 dups=0
[stats 61min] raw=1068004 events=29678 | creates=13 buys=13422/0 sells=16238/0 completes=0 migrations=5 pumpswap_buys=0 pumpswap_sells=0 pools=0 dups=0
[stats 61min] raw=1079353 events=29904 | creates=13 buys=13538/0 sells=16348/0 completes=0 migrations=5 pumpswap_buys=0 pumpswap_sells=0 pools=0 dups=0
[stats 62min] raw=1102577 events=30209 | creates=13 buys=13634/0 sells=16557/0 completes=0 migrations=5 pumpswap_buys=0 pumpswap_sells=0 pools=0 dups=0
[stats 62min] raw=1129720 events=30583 | creates=13 buys=13805/0 sells=16760/0 completes=0 migrations=5 pumpswap_buys=0 pumpswap_sells=0 pools=0 dups=0
[stats 63min] raw=1147924 events=30854 | creates=14 buys=13921/0 sells=16914/0 completes=0 migrations=5 pumpswap_buys=0 pumpswap_sells=0 pools=0 dups=0
[stats 63min] raw=1160709 events=31063 | creates=14 buys=14039/0 sells=17005/0 completes=0 migrations=5 pumpswap_buys=0 pumpswap_sells=0 pools=0 dups=0
[stats 64min] raw=1170620 events=31272 | creates=14 buys=14147/0 sells=17106/0 completes=0 migrations=5 pumpswap_buys=0 pumpswap_sells=0 pools=0 dups=0
[stats 64min] raw=1186628 events=31458 | creates=14 buys=14225/0 sells=17214/0 completes=0 migrations=5 pumpswap_buys=0 pumpswap_sells=0 pools=0 dups=0
[stats 65min] raw=1194650 events=31679 | creates=14 buys=14350/0 sells=17310/0 completes=0 migrations=5 pumpswap_buys=0 pumpswap_sells=0 pools=0 dups=0
[stats 65min] raw=1208818 events=31985 | creates=14 buys=14491/0 sells=17475/0 completes=0 migrations=5 pumpswap_buys=0 pumpswap_sells=0 pools=0 dups=0
[stats 66min] raw=1221991 events=32309 | creates=14 buys=14640/0 sells=17650/0 completes=0 migrations=5 pumpswap_buys=0 pumpswap_sells=0 pools=0 dups=0
[stats 66min] raw=1240116 events=32730 | creates=14 buys=14837/0 sells=17874/0 completes=0 migrations=5 pumpswap_buys=0 pumpswap_sells=0 pools=0 dups=0
[stats 67min] raw=1256576 events=32981 | creates=14 buys=14924/0 sells=18038/0 completes=0 migrations=5 pumpswap_buys=0 pumpswap_sells=0 pools=0 dups=0
[stats 67min] raw=1263790 events=33180 | creates=14 buys=14989/0 sells=18172/0 completes=0 migrations=5 pumpswap_buys=0 pumpswap_sells=0 pools=0 dups=0
[stats 68min] raw=1276173 events=33453 | creates=14 buys=15101/0 sells=18333/0 completes=0 migrations=5 pumpswap_buys=0 pumpswap_sells=0 pools=0 dups=0
[stats 68min] raw=1288089 events=33726 | creates=14 buys=15213/0 sells=18494/0 completes=0 migrations=5 pumpswap_buys=0 pumpswap_sells=0 pools=0 dups=0
[stats 69min] raw=1312566 events=34030 | creates=14 buys=15351/0 sells=18660/0 completes=0 migrations=5 pumpswap_buys=0 pumpswap_sells=0 pools=0 dups=0
[stats 69min] raw=1328161 events=34251 | creates=14 buys=15460/0 sells=18772/0 completes=0 migrations=5 pumpswap_buys=0 pumpswap_sells=0 pools=0 dups=0
[stats 70min] raw=1333063 events=34452 | creates=14 buys=15553/0 sells=18880/0 completes=0 migrations=5 pumpswap_buys=0 pumpswap_sells=0 pools=0 dups=0
[stats 70min] raw=1339810 events=34681 | creates=14 buys=15666/0 sells=18996/0 completes=0 migrations=5 pumpswap_buys=0 pumpswap_sells=0 pools=0 dups=0
[stats 71min] raw=1350202 events=34878 | creates=14 buys=15760/0 sells=19099/0 completes=0 migrations=5 pumpswap_buys=0 pumpswap_sells=0 pools=0 dups=0
[stats 71min] raw=1361972 events=35075 | creates=14 buys=15865/0 sells=19191/0 completes=0 migrations=5 pumpswap_buys=0 pumpswap_sells=0 pools=0 dups=0
[stats 72min] raw=1369717 events=35243 | creates=14 buys=15951/0 sells=19273/0 completes=0 migrations=5 pumpswap_buys=0 pumpswap_sells=0 pools=0 dups=0
[stats 72min] raw=1381233 events=35457 | creates=15 buys=16046/0 sells=19391/0 completes=0 migrations=5 pumpswap_buys=0 pumpswap_sells=0 pools=0 dups=0
[stats 73min] raw=1395871 events=35605 | creates=15 buys=16104/0 sells=19481/0 completes=0 migrations=5 pumpswap_buys=0 pumpswap_sells=0 pools=0 dups=0
[stats 73min] raw=1411390 events=35797 | creates=17 buys=16202/0 sells=19573/0 completes=0 migrations=5 pumpswap_buys=0 pumpswap_sells=0 pools=0 dups=0
[stats 74min] raw=1427653 events=36106 | creates=17 buys=16333/0 sells=19751/0 completes=0 migrations=5 pumpswap_buys=0 pumpswap_sells=0 pools=0 dups=0
[stats 74min] raw=1438917 events=36412 | creates=17 buys=16435/0 sells=19955/0 completes=0 migrations=5 pumpswap_buys=0 pumpswap_sells=0 pools=0 dups=0
[stats 75min] raw=1456315 events=36685 | creates=17 buys=16553/0 sells=20110/0 completes=0 migrations=5 pumpswap_buys=0 pumpswap_sells=0 pools=0 dups=0
[stats 75min] raw=1470715 events=36867 | creates=17 buys=16619/0 sells=20226/0 completes=0 migrations=5 pumpswap_buys=0 pumpswap_sells=0 pools=0 dups=0
[stats 76min] raw=1484534 events=37096 | creates=17 buys=16726/0 sells=20348/0 completes=0 migrations=5 pumpswap_buys=0 pumpswap_sells=0 pools=0 dups=0
[stats 76min] raw=1499942 events=37326 | creates=17 buys=16837/0 sells=20467/0 completes=0 migrations=5 pumpswap_buys=0 pumpswap_sells=0 pools=0 dups=0
[stats 77min] raw=1512763 events=37550 | creates=17 buys=16923/0 sells=20605/0 completes=0 migrations=5 pumpswap_buys=0 pumpswap_sells=0 pools=0 dups=0
[stats 77min] raw=1525786 events=37764 | creates=17 buys=17005/0 sells=20737/0 completes=0 migrations=5 pumpswap_buys=0 pumpswap_sells=0 pools=0 dups=0
[stats 78min] raw=1538396 events=38058 | creates=17 buys=17116/0 sells=20920/0 completes=0 migrations=5 pumpswap_buys=0 pumpswap_sells=0 pools=0 dups=0
[stats 78min] raw=1552921 events=38441 | creates=17 buys=17267/0 sells=21152/0 completes=0 migrations=5 pumpswap_buys=0 pumpswap_sells=0 pools=0 dups=0
[stats 79min] raw=1559097 events=38880 | creates=17 buys=17470/0 sells=21388/0 completes=0 migrations=5 pumpswap_buys=0 pumpswap_sells=0 pools=0 dups=0
[stats 79min] raw=1567009 events=39147 | creates=17 buys=17601/0 sells=21524/0 completes=0 migrations=5 pumpswap_buys=0 pumpswap_sells=0 pools=0 dups=0
[stats 80min] raw=1575493 events=39342 | creates=17 buys=17680/0 sells=21640/0 completes=0 migrations=5 pumpswap_buys=0 pumpswap_sells=0 pools=0 dups=0
[stats 80min] raw=1583592 events=39659 | creates=17 buys=17823/0 sells=21814/0 completes=0 migrations=5 pumpswap_buys=0 pumpswap_sells=0 pools=0 dups=0
[stats 81min] raw=1594487 events=39875 | creates=17 buys=17925/0 sells=21928/0 completes=0 migrations=5 pumpswap_buys=0 pumpswap_sells=0 pools=0 dups=0
[stats 81min] raw=1606033 events=40114 | creates=18 buys=18036/0 sells=22055/0 completes=0 migrations=5 pumpswap_buys=0 pumpswap_sells=0 pools=0 dups=0
[stats 82min] raw=1616430 events=40368 | creates=18 buys=18154/0 sells=22191/0 completes=0 migrations=5 pumpswap_buys=0 pumpswap_sells=0 pools=0 dups=0
[stats 82min] raw=1629587 events=40712 | creates=18 buys=18301/0 sells=22388/0 completes=0 migrations=5 pumpswap_buys=0 pumpswap_sells=0 pools=0 dups=0
[stats 83min] raw=1642883 events=41003 | creates=19 buys=18451/0 sells=22528/0 completes=0 migrations=5 pumpswap_buys=0 pumpswap_sells=0 pools=0 dups=0
[stats 83min] raw=1650097 events=41275 | creates=19 buys=18558/0 sells=22693/0 completes=0 migrations=5 pumpswap_buys=0 pumpswap_sells=0 pools=0 dups=0
[stats 84min] raw=1661112 events=41562 | creates=19 buys=18677/0 sells=22861/0 completes=0 migrations=5 pumpswap_buys=0 pumpswap_sells=0 pools=0 dups=0
[stats 84min] raw=1677224 events=41812 | creates=19 buys=18788/0 sells=23000/0 completes=0 migrations=5 pumpswap_buys=0 pumpswap_sells=0 pools=0 dups=0
[stats 85min] raw=1689132 events=42099 | creates=19 buys=18938/0 sells=23136/0 completes=0 migrations=6 pumpswap_buys=0 pumpswap_sells=0 pools=0 dups=0
[stats 85min] raw=1704929 events=42802 | creates=19 buys=19080/0 sells=23697/0 completes=0 migrations=6 pumpswap_buys=0 pumpswap_sells=0 pools=0 dups=0
[stats 86min] raw=1721184 events=43266 | creates=19 buys=19225/0 sells=24016/0 completes=0 migrations=6 pumpswap_buys=0 pumpswap_sells=0 pools=0 dups=0
[stats 86min] raw=1730842 events=43525 | creates=19 buys=19326/0 sells=24174/0 completes=0 migrations=6 pumpswap_buys=0 pumpswap_sells=0 pools=0 dups=0
[stats 87min] raw=1740247 events=43791 | creates=19 buys=19450/0 sells=24316/0 completes=0 migrations=6 pumpswap_buys=0 pumpswap_sells=0 pools=0 dups=0
[stats 87min] raw=1755687 events=44166 | creates=20 buys=19600/0 sells=24540/0 completes=0 migrations=6 pumpswap_buys=0 pumpswap_sells=0 pools=0 dups=0
[stats 88min] raw=1767274 events=44484 | creates=20 buys=19738/0 sells=24720/0 completes=0 migrations=6 pumpswap_buys=0 pumpswap_sells=0 pools=0 dups=0
[stats 88min] raw=1775979 events=44798 | creates=20 buys=19894/0 sells=24878/0 completes=0 migrations=6 pumpswap_buys=0 pumpswap_sells=0 pools=0 dups=0
[stats 89min] raw=1789852 events=45181 | creates=20 buys=20056/0 sells=25099/0 completes=0 migrations=6 pumpswap_buys=0 pumpswap_sells=0 pools=0 dups=0
[stats 89min] raw=1804114 events=45414 | creates=20 buys=20155/0 sells=25233/0 completes=0 migrations=6 pumpswap_buys=0 pumpswap_sells=0 pools=0 dups=0
[stats 90min] raw=1811730 events=45609 | creates=21 buys=20251/0 sells=25331/0 completes=0 migrations=6 pumpswap_buys=0 pumpswap_sells=0 pools=0 dups=0
[stats 90min] raw=1827782 events=45961 | creates=21 buys=20410/0 sells=25524/0 completes=0 migrations=6 pumpswap_buys=0 pumpswap_sells=0 pools=0 dups=0
[stats 91min] raw=1849063 events=46387 | creates=21 buys=20616/0 sells=25744/0 completes=0 migrations=6 pumpswap_buys=0 pumpswap_sells=0 pools=0 dups=0
[stats 91min] raw=1860765 events=46723 | creates=21 buys=20777/0 sells=25919/0 completes=0 migrations=6 pumpswap_buys=0 pumpswap_sells=0 pools=0 dups=0
[stats 92min] raw=1877701 events=47071 | creates=21 buys=20932/0 sells=26112/0 completes=0 migrations=6 pumpswap_buys=0 pumpswap_sells=0 pools=0 dups=0
[stats 92min] raw=1898886 events=47386 | creates=21 buys=21086/0 sells=26273/0 completes=0 migrations=6 pumpswap_buys=0 pumpswap_sells=0 pools=0 dups=0
[stats 93min] raw=1914945 events=47732 | creates=21 buys=21235/0 sells=26470/0 completes=0 migrations=6 pumpswap_buys=0 pumpswap_sells=0 pools=0 dups=0
[stats 93min] raw=1925708 events=48048 | creates=21 buys=21341/0 sells=26680/0 completes=0 migrations=6 pumpswap_buys=0 pumpswap_sells=0 pools=0 dups=0
[stats 94min] raw=1938215 events=48292 | creates=21 buys=21448/0 sells=26817/0 completes=0 migrations=6 pumpswap_buys=0 pumpswap_sells=0 pools=0 dups=0
[stats 94min] raw=1948633 events=48525 | creates=21 buys=21557/0 sells=26941/0 completes=0 migrations=6 pumpswap_buys=0 pumpswap_sells=0 pools=0 dups=0
[stats 95min] raw=1966773 events=48805 | creates=21 buys=21682/0 sells=27096/0 completes=0 migrations=6 pumpswap_buys=0 pumpswap_sells=0 pools=0 dups=0
[stats 95min] raw=1981473 events=49037 | creates=21 buys=21785/0 sells=27225/0 completes=0 migrations=6 pumpswap_buys=0 pumpswap_sells=0 pools=0 dups=0
[stats 96min] raw=2001765 events=49302 | creates=21 buys=21910/0 sells=27365/0 completes=0 migrations=6 pumpswap_buys=0 pumpswap_sells=0 pools=0 dups=0
[stats 96min] raw=2013257 events=49530 | creates=21 buys=22016/0 sells=27487/0 completes=0 migrations=6 pumpswap_buys=0 pumpswap_sells=0 pools=0 dups=0
[stats 97min] raw=2019260 events=49737 | creates=21 buys=22091/0 sells=27619/0 completes=0 migrations=6 pumpswap_buys=0 pumpswap_sells=0 pools=0 dups=0
[stats 97min] raw=2024819 events=49917 | creates=21 buys=22156/0 sells=27734/0 completes=0 migrations=6 pumpswap_buys=0 pumpswap_sells=0 pools=0 dups=0
[stats 98min] raw=2030597 events=50090 | creates=21 buys=22216/0 sells=27847/0 completes=0 migrations=6 pumpswap_buys=0 pumpswap_sells=0 pools=0 dups=0
[stats 98min] raw=2046022 events=50336 | creates=21 buys=22336/0 sells=27973/0 completes=0 migrations=6 pumpswap_buys=0 pumpswap_sells=0 pools=0 dups=0
[stats 99min] raw=2059169 events=50581 | creates=21 buys=22453/0 sells=28101/0 completes=0 migrations=6 pumpswap_buys=0 pumpswap_sells=0 pools=0 dups=0
[stats 99min] raw=2077597 events=50881 | creates=21 buys=22563/0 sells=28291/0 completes=0 migrations=6 pumpswap_buys=0 pumpswap_sells=0 pools=0 dups=0
[stats 100min] raw=2091307 events=51180 | creates=21 buys=22688/0 sells=28465/0 completes=0 migrations=6 pumpswap_buys=0 pumpswap_sells=0 pools=0 dups=0
[stats 100min] raw=2101660 events=51414 | creates=21 buys=22799/0 sells=28588/0 completes=0 migrations=6 pumpswap_buys=0 pumpswap_sells=0 pools=0 dups=0
[stats 101min] raw=2124381 events=51702 | creates=21 buys=22932/0 sells=28743/0 completes=0 migrations=6 pumpswap_buys=0 pumpswap_sells=0 pools=0 dups=0
[stats 101min] raw=2147980 events=52077 | creates=21 buys=23134/0 sells=28916/0 completes=0 migrations=6 pumpswap_buys=0 pumpswap_sells=0 pools=0 dups=0
[stats 102min] raw=2162480 events=52432 | creates=21 buys=23289/0 sells=29116/0 completes=0 migrations=6 pumpswap_buys=0 pumpswap_sells=0 pools=0 dups=0
[stats 102min] raw=2177920 events=52747 | creates=21 buys=23439/0 sells=29281/0 completes=0 migrations=6 pumpswap_buys=0 pumpswap_sells=0 pools=0 dups=0
[stats 103min] raw=2193648 events=53022 | creates=21 buys=23549/0 sells=29446/0 completes=0 migrations=6 pumpswap_buys=0 pumpswap_sells=0 pools=0 dups=0
[stats 103min] raw=2211829 events=53398 | creates=21 buys=23737/0 sells=29634/0 completes=0 migrations=6 pumpswap_buys=0 pumpswap_sells=0 pools=0 dups=0
[stats 104min] raw=2227231 events=53653 | creates=21 buys=23868/0 sells=29758/0 completes=0 migrations=6 pumpswap_buys=0 pumpswap_sells=0 pools=0 dups=0
[stats 104min] raw=2240888 events=53896 | creates=21 buys=23978/0 sells=29891/0 completes=0 migrations=6 pumpswap_buys=0 pumpswap_sells=0 pools=0 dups=0
[stats 105min] raw=2251015 events=54187 | creates=21 buys=24136/0 sells=30024/0 completes=0 migrations=6 pumpswap_buys=0 pumpswap_sells=0 pools=0 dups=0
[stats 105min] raw=2257971 events=54527 | creates=21 buys=24309/0 sells=30191/0 completes=0 migrations=6 pumpswap_buys=0 pumpswap_sells=0 pools=0 dups=0
[stats 106min] raw=2268141 events=54835 | creates=21 buys=24442/0 sells=30366/0 completes=0 migrations=6 pumpswap_buys=0 pumpswap_sells=0 pools=0 dups=0
[stats 106min] raw=2282588 events=55156 | creates=21 buys=24587/0 sells=30542/0 completes=0 migrations=6 pumpswap_buys=0 pumpswap_sells=0 pools=0 dups=0
[stats 107min] raw=2304700 events=55611 | creates=21 buys=24836/0 sells=30748/0 completes=0 migrations=6 pumpswap_buys=0 pumpswap_sells=0 pools=0 dups=0
[stats 107min] raw=2319268 events=56018 | creates=21 buys=25034/0 sells=30956/0 completes=0 migrations=7 pumpswap_buys=0 pumpswap_sells=0 pools=0 dups=0
[stats 108min] raw=2349381 events=56513 | creates=22 buys=25234/0 sells=31250/0 completes=0 migrations=7 pumpswap_buys=0 pumpswap_sells=0 pools=0 dups=0
[stats 108min] raw=2362181 events=56785 | creates=22 buys=25362/0 sells=31394/0 completes=0 migrations=7 pumpswap_buys=0 pumpswap_sells=0 pools=0 dups=0
[stats 109min] raw=2376632 events=57103 | creates=22 buys=25488/0 sells=31586/0 completes=0 migrations=7 pumpswap_buys=0 pumpswap_sells=0 pools=0 dups=0
[stats 109min] raw=2401193 events=57453 | creates=22 buys=25611/0 sells=31813/0 completes=0 migrations=7 pumpswap_buys=0 pumpswap_sells=0 pools=0 dups=0
[stats 110min] raw=2421328 events=57736 | creates=22 buys=25696/0 sells=32011/0 completes=0 migrations=7 pumpswap_buys=0 pumpswap_sells=0 pools=0 dups=0
[stats 110min] raw=2438590 events=57988 | creates=22 buys=25809/0 sells=32150/0 completes=0 migrations=7 pumpswap_buys=0 pumpswap_sells=0 pools=0 dups=0
[stats 111min] raw=2453876 events=58270 | creates=22 buys=25924/0 sells=32317/0 completes=0 migrations=7 pumpswap_buys=0 pumpswap_sells=0 pools=0 dups=0
[stats 111min] raw=2474545 events=58687 | creates=22 buys=26072/0 sells=32586/0 completes=0 migrations=7 pumpswap_buys=0 pumpswap_sells=0 pools=0 dups=0
[stats 112min] raw=2493500 events=59080 | creates=22 buys=26266/0 sells=32785/0 completes=0 migrations=7 pumpswap_buys=0 pumpswap_sells=0 pools=0 dups=0
[stats 112min] raw=2520127 events=59504 | creates=22 buys=26431/0 sells=33044/0 completes=0 migrations=7 pumpswap_buys=0 pumpswap_sells=0 pools=0 dups=0
[stats 113min] raw=2538363 events=59935 | creates=22 buys=26640/0 sells=33266/0 completes=0 migrations=7 pumpswap_buys=0 pumpswap_sells=0 pools=0 dups=0
[stats 113min] raw=2553952 events=60357 | creates=23 buys=26816/0 sells=33511/0 completes=0 migrations=7 pumpswap_buys=0 pumpswap_sells=0 pools=0 dups=0
[stats 114min] raw=2567903 events=60718 | creates=23 buys=26964/0 sells=33724/0 completes=0 migrations=7 pumpswap_buys=0 pumpswap_sells=0 pools=0 dups=0
[stats 114min] raw=2593519 events=61099 | creates=23 buys=27148/0 sells=33921/0 completes=0 migrations=7 pumpswap_buys=0 pumpswap_sells=0 pools=0 dups=0
[stats 115min] raw=2613466 events=61435 | creates=23 buys=27293/0 sells=34112/0 completes=0 migrations=7 pumpswap_buys=0 pumpswap_sells=0 pools=0 dups=0
[stats 115min] raw=2634707 events=61741 | creates=23 buys=27427/0 sells=34284/0 completes=0 migrations=7 pumpswap_buys=0 pumpswap_sells=0 pools=0 dups=0
[stats 116min] raw=2646138 events=62006 | creates=23 buys=27542/0 sells=34434/0 completes=0 migrations=7 pumpswap_buys=0 pumpswap_sells=0 pools=0 dups=0
[stats 116min] raw=2661392 events=62329 | creates=23 buys=27666/0 sells=34633/0 completes=0 migrations=7 pumpswap_buys=0 pumpswap_sells=0 pools=0 dups=0
[stats 117min] raw=2684720 events=62550 | creates=23 buys=27771/0 sells=34750/0 completes=0 migrations=7 pumpswap_buys=0 pumpswap_sells=0 pools=0 dups=0
[stats 117min] raw=2699523 events=62838 | creates=23 buys=27886/0 sells=34922/0 completes=0 migrations=7 pumpswap_buys=0 pumpswap_sells=0 pools=0 dups=0
[stats 118min] raw=2706056 events=63113 | creates=23 buys=27989/0 sells=35094/0 completes=0 migrations=7 pumpswap_buys=0 pumpswap_sells=0 pools=0 dups=0
[stats 118min] raw=2727944 events=63514 | creates=23 buys=28136/0 sells=35348/0 completes=0 migrations=7 pumpswap_buys=0 pumpswap_sells=0 pools=0 dups=0
[stats 119min] raw=2744605 events=63936 | creates=23 buys=28282/0 sells=35624/0 completes=0 migrations=7 pumpswap_buys=0 pumpswap_sells=0 pools=0 dups=0
[stats 119min] raw=2766585 events=64230 | creates=23 buys=28398/0 sells=35802/0 completes=0 migrations=7 pumpswap_buys=0 pumpswap_sells=0 pools=0 dups=0
[stats 120min] raw=2787637 events=64674 | creates=23 buys=28556/0 sells=36088/0 completes=0 migrations=7 pumpswap_buys=0 pumpswap_sells=0 pools=0 dups=0
[stats 120min] raw=2804782 events=65106 | creates=23 buys=28726/0 sells=36350/0 completes=0 migrations=7 pumpswap_buys=0 pumpswap_sells=0 pools=0 dups=0
[stats 121min] raw=2819711 events=65362 | creates=23 buys=28837/0 sells=36495/0 completes=0 migrations=7 pumpswap_buys=0 pumpswap_sells=0 pools=0 dups=0
[stats 121min] raw=2846622 events=65905 | creates=23 buys=29075/0 sells=36800/0 completes=0 migrations=7 pumpswap_buys=0 pumpswap_sells=0 pools=0 dups=0
[stats 122min] raw=2870429 events=66348 | creates=23 buys=29239/0 sells=37079/0 completes=0 migrations=7 pumpswap_buys=0 pumpswap_sells=0 pools=0 dups=0
[stats 122min] raw=2885551 events=66613 | creates=23 buys=29357/0 sells=37226/0 completes=0 migrations=7 pumpswap_buys=0 pumpswap_sells=0 pools=0 dups=0
[stats 123min] raw=2916013 events=67111 | creates=24 buys=29544/0 sells=37536/0 completes=0 migrations=7 pumpswap_buys=0 pumpswap_sells=0 pools=0 dups=0
[stats 123min] raw=2957010 events=67553 | creates=24 buys=29720/0 sells=37802/0 completes=0 migrations=7 pumpswap_buys=0 pumpswap_sells=0 pools=0 dups=0
[stats 124min] raw=2969169 events=67778 | creates=24 buys=29813/0 sells=37934/0 completes=0 migrations=7 pumpswap_buys=0 pumpswap_sells=0 pools=0 dups=0
[stats 124min] raw=2979876 events=67972 | creates=24 buys=29897/0 sells=38044/0 completes=0 migrations=7 pumpswap_buys=0 pumpswap_sells=0 pools=0 dups=0
[stats 125min] raw=2991477 events=68126 | creates=24 buys=29978/0 sells=38117/0 completes=0 migrations=7 pumpswap_buys=0 pumpswap_sells=0 pools=0 dups=0
[stats 125min] raw=3001955 events=68331 | creates=24 buys=30058/0 sells=38242/0 completes=0 migrations=7 pumpswap_buys=0 pumpswap_sells=0 pools=0 dups=0
[stats 126min] raw=3006837 events=68542 | creates=24 buys=30135/0 sells=38376/0 completes=0 migrations=7 pumpswap_buys=0 pumpswap_sells=0 pools=0 dups=0
[stats 126min] raw=3029236 events=68801 | creates=25 buys=30234/0 sells=38535/0 completes=0 migrations=7 pumpswap_buys=0 pumpswap_sells=0 pools=0 dups=0
[stats 127min] raw=3049785 events=69085 | creates=26 buys=30391/0 sells=38661/0 completes=0 migrations=7 pumpswap_buys=0 pumpswap_sells=0 pools=0 dups=0
[stats 127min] raw=3080659 events=69548 | creates=26 buys=30612/0 sells=38903/0 completes=0 migrations=7 pumpswap_buys=0 pumpswap_sells=0 pools=0 dups=0
[stats 128min] raw=3094920 events=69946 | creates=26 buys=30791/0 sells=39122/0 completes=0 migrations=7 pumpswap_buys=0 pumpswap_sells=0 pools=0 dups=0
[stats 128min] raw=3113034 events=70314 | creates=26 buys=30985/0 sells=39296/0 completes=0 migrations=7 pumpswap_buys=0 pumpswap_sells=0 pools=0 dups=0
[stats 129min] raw=3124281 events=70583 | creates=26 buys=31086/0 sells=39464/0 completes=0 migrations=7 pumpswap_buys=0 pumpswap_sells=0 pools=0 dups=0
[stats 129min] raw=3135860 events=70781 | creates=26 buys=31190/0 sells=39558/0 completes=0 migrations=7 pumpswap_buys=0 pumpswap_sells=0 pools=0 dups=0
[stats 130min] raw=3146409 events=70978 | creates=26 buys=31302/0 sells=39643/0 completes=0 migrations=7 pumpswap_buys=0 pumpswap_sells=0 pools=0 dups=0
[stats 130min] raw=3163967 events=71361 | creates=26 buys=31457/0 sells=39871/0 completes=0 migrations=7 pumpswap_buys=0 pumpswap_sells=0 pools=0 dups=0
[stats 131min] raw=3178596 events=71592 | creates=26 buys=31533/0 sells=40026/0 completes=0 migrations=7 pumpswap_buys=0 pumpswap_sells=0 pools=0 dups=0
[stats 131min] raw=3187701 events=71818 | creates=26 buys=31643/0 sells=40142/0 completes=0 migrations=7 pumpswap_buys=0 pumpswap_sells=0 pools=0 dups=0
[stats 132min] raw=3212823 events=72107 | creates=26 buys=31781/0 sells=40293/0 completes=0 migrations=7 pumpswap_buys=0 pumpswap_sells=0 pools=0 dups=0
[stats 132min] raw=3237026 events=72329 | creates=26 buys=31866/0 sells=40430/0 completes=0 migrations=7 pumpswap_buys=0 pumpswap_sells=0 pools=0 dups=0
[stats 133min] raw=3249470 events=72536 | creates=26 buys=31953/0 sells=40550/0 completes=0 migrations=7 pumpswap_buys=0 pumpswap_sells=0 pools=0 dups=0
[stats 133min] raw=3264324 events=72859 | creates=26 buys=32076/0 sells=40750/0 completes=0 migrations=7 pumpswap_buys=0 pumpswap_sells=0 pools=0 dups=0
[stats 134min] raw=3275341 events=73065 | creates=27 buys=32185/0 sells=40846/0 completes=0 migrations=7 pumpswap_buys=0 pumpswap_sells=0 pools=0 dups=0
[stats 134min] raw=3294608 events=73312 | creates=27 buys=32291/0 sells=40987/0 completes=0 migrations=7 pumpswap_buys=0 pumpswap_sells=0 pools=0 dups=0
[stats 135min] raw=3305538 events=73510 | creates=27 buys=32389/0 sells=41087/0 completes=0 migrations=7 pumpswap_buys=0 pumpswap_sells=0 pools=0 dups=0
[stats 135min] raw=3320996 events=73791 | creates=27 buys=32526/0 sells=41231/0 completes=0 migrations=7 pumpswap_buys=0 pumpswap_sells=0 pools=0 dups=0
[stats 136min] raw=3343776 events=74096 | creates=27 buys=32646/0 sells=41416/0 completes=0 migrations=7 pumpswap_buys=0 pumpswap_sells=0 pools=0 dups=0
[stats 136min] raw=3353681 events=74325 | creates=27 buys=32721/0 sells=41570/0 completes=0 migrations=7 pumpswap_buys=0 pumpswap_sells=0 pools=0 dups=0
[stats 137min] raw=3370863 events=74584 | creates=27 buys=32831/0 sells=41719/0 completes=0 migrations=7 pumpswap_buys=0 pumpswap_sells=0 pools=0 dups=0
[stats 137min] raw=3380641 events=74857 | creates=27 buys=32937/0 sells=41886/0 completes=0 migrations=7 pumpswap_buys=0 pumpswap_sells=0 pools=0 dups=0
[stats 138min] raw=3390766 events=75115 | creates=27 buys=33046/0 sells=42035/0 completes=0 migrations=7 pumpswap_buys=0 pumpswap_sells=0 pools=0 dups=0
[stats 138min] raw=3399754 events=75240 | creates=28 buys=33097/0 sells=42108/0 completes=0 migrations=7 pumpswap_buys=0 pumpswap_sells=0 pools=0 dups=0
[stats 139min] raw=3420254 events=75589 | creates=28 buys=33267/0 sells=42287/0 completes=0 migrations=7 pumpswap_buys=0 pumpswap_sells=0 pools=0 dups=0
[stats 139min] raw=3445827 events=75839 | creates=28 buys=33401/0 sells=42403/0 completes=0 migrations=7 pumpswap_buys=0 pumpswap_sells=0 pools=0 dups=0
[stats 140min] raw=3459244 events=76039 | creates=29 buys=33500/0 sells=42503/0 completes=0 migrations=7 pumpswap_buys=0 pumpswap_sells=0 pools=0 dups=0
[stats 140min] raw=3470035 events=76213 | creates=29 buys=33585/0 sells=42592/0 completes=0 migrations=7 pumpswap_buys=0 pumpswap_sells=0 pools=0 dups=0
[stats 141min] raw=3486722 events=76482 | creates=29 buys=33718/0 sells=42728/0 completes=0 migrations=7 pumpswap_buys=0 pumpswap_sells=0 pools=0 dups=0
[stats 141min] raw=3511963 events=76852 | creates=29 buys=33890/0 sells=42926/0 completes=0 migrations=7 pumpswap_buys=0 pumpswap_sells=0 pools=0 dups=0
[stats 142min] raw=3528052 events=77114 | creates=30 buys=34004/0 sells=43073/0 completes=0 migrations=7 pumpswap_buys=0 pumpswap_sells=0 pools=0 dups=0
[stats 142min] raw=3539739 events=77354 | creates=30 buys=34103/0 sells=43214/0 completes=0 migrations=7 pumpswap_buys=0 pumpswap_sells=0 pools=0 dups=0
[stats 143min] raw=3550197 events=77525 | creates=30 buys=34180/0 sells=43308/0 completes=0 migrations=7 pumpswap_buys=0 pumpswap_sells=0 pools=0 dups=0
[stats 143min] raw=3558869 events=77696 | creates=31 buys=34264/0 sells=43394/0 completes=0 migrations=7 pumpswap_buys=0 pumpswap_sells=0 pools=0 dups=0
[stats 144min] raw=3576688 events=77984 | creates=31 buys=34366/0 sells=43580/0 completes=0 migrations=7 pumpswap_buys=0 pumpswap_sells=0 pools=0 dups=0
[stats 144min] raw=3594619 events=78253 | creates=31 buys=34471/0 sells=43744/0 completes=0 migrations=7 pumpswap_buys=0 pumpswap_sells=0 pools=0 dups=0
[stats 145min] raw=3615576 events=78528 | creates=31 buys=34560/0 sells=43930/0 completes=0 migrations=7 pumpswap_buys=0 pumpswap_sells=0 pools=0 dups=0
[stats 145min] raw=3630494 events=78710 | creates=31 buys=34644/0 sells=44028/0 completes=0 migrations=7 pumpswap_buys=0 pumpswap_sells=0 pools=0 dups=0
[stats 146min] raw=3645150 events=78971 | creates=31 buys=34775/0 sells=44158/0 completes=0 migrations=7 pumpswap_buys=0 pumpswap_sells=0 pools=0 dups=0
[stats 146min] raw=3658862 events=79200 | creates=31 buys=34874/0 sells=44288/0 completes=0 migrations=7 pumpswap_buys=0 pumpswap_sells=0 pools=0 dups=0
[stats 147min] raw=3670583 events=79382 | creates=31 buys=34944/0 sells=44400/0 completes=0 migrations=7 pumpswap_buys=0 pumpswap_sells=0 pools=0 dups=0
[stats 147min] raw=3681975 events=79605 | creates=31 buys=35040/0 sells=44527/0 completes=0 migrations=7 pumpswap_buys=0 pumpswap_sells=0 pools=0 dups=0
[stats 148min] raw=3698026 events=79914 | creates=31 buys=35163/0 sells=44713/0 completes=0 migrations=7 pumpswap_buys=0 pumpswap_sells=0 pools=0 dups=0
[stats 148min] raw=3724619 events=80313 | creates=32 buys=35359/0 sells=44915/0 completes=0 migrations=7 pumpswap_buys=0 pumpswap_sells=0 pools=0 dups=0
[stats 149min] raw=3765316 events=80747 | creates=32 buys=35558/0 sells=45150/0 completes=0 migrations=7 pumpswap_buys=0 pumpswap_sells=0 pools=0 dups=0
[stats 149min] raw=3796860 events=81179 | creates=32 buys=35801/0 sells=45339/0 completes=0 migrations=7 pumpswap_buys=0 pumpswap_sells=0 pools=0 dups=0
[stats 150min] raw=3823240 events=81435 | creates=32 buys=35943/0 sells=45452/0 completes=0 migrations=8 pumpswap_buys=0 pumpswap_sells=0 pools=0 dups=0
[stats 150min] raw=3836154 events=81687 | creates=32 buys=36053/0 sells=45594/0 completes=0 migrations=8 pumpswap_buys=0 pumpswap_sells=0 pools=0 dups=0
[stats 151min] raw=3848927 events=81918 | creates=32 buys=36133/0 sells=45745/0 completes=0 migrations=8 pumpswap_buys=0 pumpswap_sells=0 pools=0 dups=0
[stats 151min] raw=3857384 events=82150 | creates=33 buys=36260/0 sells=45848/0 completes=0 migrations=9 pumpswap_buys=0 pumpswap_sells=0 pools=0 dups=0
[stats 152min] raw=3874079 events=82479 | creates=33 buys=36411/0 sells=46026/0 completes=0 migrations=9 pumpswap_buys=0 pumpswap_sells=0 pools=0 dups=0
[stats 152min] raw=3892199 events=82762 | creates=33 buys=36566/0 sells=46154/0 completes=0 migrations=9 pumpswap_buys=0 pumpswap_sells=0 pools=0 dups=0
[stats 153min] raw=3915786 events=83297 | creates=35 buys=36857/0 sells=46396/0 completes=0 migrations=9 pumpswap_buys=0 pumpswap_sells=0 pools=0 dups=0
[stats 153min] raw=3935901 events=83662 | creates=35 buys=37024/0 sells=46594/0 completes=0 migrations=9 pumpswap_buys=0 pumpswap_sells=0 pools=0 dups=0
[stats 154min] raw=3952853 events=84066 | creates=35 buys=37221/0 sells=46799/0 completes=0 migrations=11 pumpswap_buys=0 pumpswap_sells=0 pools=0 dups=0
[stats 154min] raw=3976818 events=84388 | creates=35 buys=37388/0 sells=46954/0 completes=0 migrations=11 pumpswap_buys=0 pumpswap_sells=0 pools=0 dups=0
[stats 155min] raw=3993398 events=84707 | creates=35 buys=37538/0 sells=47123/0 completes=0 migrations=11 pumpswap_buys=0 pumpswap_sells=0 pools=0 dups=0
[stats 155min] raw=4012075 events=85086 | creates=35 buys=37713/0 sells=47327/0 completes=0 migrations=11 pumpswap_buys=0 pumpswap_sells=0 pools=0 dups=0
[stats 156min] raw=4021729 events=85370 | creates=35 buys=37861/0 sells=47463/0 completes=0 migrations=11 pumpswap_buys=0 pumpswap_sells=0 pools=0 dups=0
[stats 156min] raw=4027353 events=85599 | creates=35 buys=37976/0 sells=47577/0 completes=0 migrations=11 pumpswap_buys=0 pumpswap_sells=0 pools=0 dups=0
[stats 157min] raw=4036002 events=85855 | creates=35 buys=38089/0 sells=47720/0 completes=0 migrations=11 pumpswap_buys=0 pumpswap_sells=0 pools=0 dups=0
[stats 157min] raw=4045085 events=86118 | creates=35 buys=38196/0 sells=47876/0 completes=0 migrations=11 pumpswap_buys=0 pumpswap_sells=0 pools=0 dups=0
[stats 158min] raw=4057707 events=86352 | creates=35 buys=38283/0 sells=48023/0 completes=0 migrations=11 pumpswap_buys=0 pumpswap_sells=0 pools=0 dups=0
[stats 158min] raw=4067801 events=86538 | creates=35 buys=38365/0 sells=48127/0 completes=0 migrations=11 pumpswap_buys=0 pumpswap_sells=0 pools=0 dups=0
[stats 159min] raw=4087714 events=86836 | creates=35 buys=38504/0 sells=48286/0 completes=0 migrations=11 pumpswap_buys=0 pumpswap_sells=0 pools=0 dups=0
[stats 159min] raw=4112090 events=87126 | creates=35 buys=38621/0 sells=48459/0 completes=0 migrations=11 pumpswap_buys=0 pumpswap_sells=0 pools=0 dups=0
[stats 160min] raw=4132431 events=87481 | creates=35 buys=38777/0 sells=48658/0 completes=0 migrations=11 pumpswap_buys=0 pumpswap_sells=0 pools=0 dups=0
[stats 160min] raw=4145910 events=87771 | creates=35 buys=38902/0 sells=48823/0 completes=0 migrations=11 pumpswap_buys=0 pumpswap_sells=0 pools=0 dups=0
[stats 161min] raw=4166581 events=88093 | creates=35 buys=39051/0 sells=48996/0 completes=0 migrations=11 pumpswap_buys=0 pumpswap_sells=0 pools=0 dups=0
[stats 161min] raw=4192580 events=88430 | creates=35 buys=39213/0 sells=49171/0 completes=0 migrations=11 pumpswap_buys=0 pumpswap_sells=0 pools=0 dups=0
[stats 162min] raw=4219446 events=88748 | creates=35 buys=39358/0 sells=49344/0 completes=0 migrations=11 pumpswap_buys=0 pumpswap_sells=0 pools=0 dups=0
[stats 162min] raw=4236359 events=89136 | creates=35 buys=39545/0 sells=49546/0 completes=0 migrations=11 pumpswap_buys=0 pumpswap_sells=0 pools=0 dups=0
[stats 163min] raw=4253819 events=89486 | creates=35 buys=39664/0 sells=49776/0 completes=0 migrations=11 pumpswap_buys=0 pumpswap_sells=0 pools=0 dups=0
[stats 163min] raw=4268026 events=89750 | creates=35 buys=39807/0 sells=49897/0 completes=0 migrations=11 pumpswap_buys=0 pumpswap_sells=0 pools=0 dups=0
[stats 164min] raw=4294434 events=90140 | creates=35 buys=39961/0 sells=50133/0 completes=0 migrations=11 pumpswap_buys=0 pumpswap_sells=0 pools=0 dups=0
[stats 164min] raw=4318645 events=90464 | creates=35 buys=40095/0 sells=50323/0 completes=0 migrations=11 pumpswap_buys=0 pumpswap_sells=0 pools=0 dups=0
[stats 165min] raw=4354281 events=90846 | creates=35 buys=40263/0 sells=50537/0 completes=0 migrations=11 pumpswap_buys=0 pumpswap_sells=0 pools=0 dups=0
[stats 165min] raw=4366924 events=91162 | creates=35 buys=40428/0 sells=50688/0 completes=0 migrations=11 pumpswap_buys=0 pumpswap_sells=0 pools=0 dups=0
[stats 166min] raw=4386781 events=91499 | creates=35 buys=40584/0 sells=50868/0 completes=0 migrations=12 pumpswap_buys=0 pumpswap_sells=0 pools=0 dups=0
[stats 166min] raw=4405655 events=91779 | creates=36 buys=40721/0 sells=51010/0 completes=0 migrations=12 pumpswap_buys=0 pumpswap_sells=0 pools=0 dups=0
[stats 167min] raw=4419655 events=92120 | creates=36 buys=40865/0 sells=51207/0 completes=0 migrations=12 pumpswap_buys=0 pumpswap_sells=0 pools=0 dups=0
[stats 167min] raw=4443059 events=92541 | creates=36 buys=41045/0 sells=51448/0 completes=0 migrations=12 pumpswap_buys=0 pumpswap_sells=0 pools=0 dups=0
[stats 168min] raw=4456449 events=92979 | creates=36 buys=41245/0 sells=51686/0 completes=0 migrations=12 pumpswap_buys=0 pumpswap_sells=0 pools=0 dups=0
[stats 168min] raw=4462663 events=93267 | creates=36 buys=41374/0 sells=51844/0 completes=0 migrations=13 pumpswap_buys=0 pumpswap_sells=0 pools=0 dups=0
[stats 169min] raw=4484612 events=93673 | creates=36 buys=41560/0 sells=52064/0 completes=0 migrations=13 pumpswap_buys=0 pumpswap_sells=0 pools=0 dups=0
[stats 169min] raw=4502472 events=93983 | creates=36 buys=41708/0 sells=52226/0 completes=0 migrations=13 pumpswap_buys=0 pumpswap_sells=0 pools=0 dups=0
[stats 170min] raw=4518716 events=94474 | creates=37 buys=41924/0 sells=52500/0 completes=0 migrations=13 pumpswap_buys=0 pumpswap_sells=0 pools=0 dups=0
[stats 170min] raw=4531356 events=94798 | creates=37 buys=42091/0 sells=52657/0 completes=0 migrations=13 pumpswap_buys=0 pumpswap_sells=0 pools=0 dups=0
[stats 171min] raw=4546190 events=95163 | creates=37 buys=42255/0 sells=52858/0 completes=0 migrations=13 pumpswap_buys=0 pumpswap_sells=0 pools=0 dups=0
[stats 171min] raw=4562082 events=95482 | creates=38 buys=42348/0 sells=53083/0 completes=0 migrations=13 pumpswap_buys=0 pumpswap_sells=0 pools=0 dups=0
[stats 172min] raw=4585984 events=95760 | creates=38 buys=42445/0 sells=53264/0 completes=0 migrations=13 pumpswap_buys=0 pumpswap_sells=0 pools=0 dups=0
[stats 172min] raw=4594580 events=96078 | creates=38 buys=42619/0 sells=53408/0 completes=0 migrations=13 pumpswap_buys=0 pumpswap_sells=0 pools=0 dups=0
[stats 173min] raw=4614098 events=96461 | creates=38 buys=42781/0 sells=53628/0 completes=0 migrations=14 pumpswap_buys=0 pumpswap_sells=0 pools=0 dups=0
[stats 173min] raw=4642823 events=96952 | creates=38 buys=43015/0 sells=53885/0 completes=0 migrations=14 pumpswap_buys=0 pumpswap_sells=0 pools=0 dups=0
[stats 174min] raw=4653351 events=97264 | creates=38 buys=43159/0 sells=54053/0 completes=0 migrations=14 pumpswap_buys=0 pumpswap_sells=0 pools=0 dups=0
[stats 174min] raw=4663253 events=97599 | creates=38 buys=43308/0 sells=54239/0 completes=0 migrations=14 pumpswap_buys=0 pumpswap_sells=0 pools=0 dups=0
[stats 175min] raw=4680506 events=97935 | creates=38 buys=43481/0 sells=54401/0 completes=0 migrations=15 pumpswap_buys=0 pumpswap_sells=0 pools=0 dups=0
[stats 175min] raw=4697502 events=98293 | creates=39 buys=43657/0 sells=54582/0 completes=0 migrations=15 pumpswap_buys=0 pumpswap_sells=0 pools=0 dups=0
[stats 176min] raw=4723554 events=98716 | creates=39 buys=43875/0 sells=54787/0 completes=0 migrations=15 pumpswap_buys=0 pumpswap_sells=0 pools=0 dups=0
[stats 176min] raw=4763279 events=99145 | creates=39 buys=44051/0 sells=55040/0 completes=0 migrations=15 pumpswap_buys=0 pumpswap_sells=0 pools=0 dups=0
[stats 177min] raw=4783521 events=99520 | creates=39 buys=44235/0 sells=55232/0 completes=0 migrations=15 pumpswap_buys=0 pumpswap_sells=0 pools=0 dups=0
[stats 177min] raw=4807034 events=100005 | creates=39 buys=44457/0 sells=55494/0 completes=0 migrations=15 pumpswap_buys=0 pumpswap_sells=0 pools=0 dups=0
[stats 178min] raw=4825400 events=100525 | creates=39 buys=44671/0 sells=55800/0 completes=0 migrations=15 pumpswap_buys=0 pumpswap_sells=0 pools=0 dups=0
[stats 178min] raw=4836076 events=100893 | creates=39 buys=44832/0 sells=56007/0 completes=0 migrations=15 pumpswap_buys=0 pumpswap_sells=0 pools=0 dups=0
[stats 179min] raw=4850255 events=101257 | creates=39 buys=44975/0 sells=56228/0 completes=0 migrations=15 pumpswap_buys=0 pumpswap_sells=0 pools=0 dups=0
[stats 179min] raw=4874679 events=101675 | creates=39 buys=45186/0 sells=56435/0 completes=0 migrations=15 pumpswap_buys=0 pumpswap_sells=0 pools=0 dups=0
[stats 180min] raw=4896266 events=102442 | creates=39 buys=45388/0 sells=57000/0 completes=0 migrations=15 pumpswap_buys=0 pumpswap_sells=0 pools=0 dups=0
[stats 180min] raw=4919220 events=102857 | creates=39 buys=45552/0 sells=57251/0 completes=0 migrations=15 pumpswap_buys=0 pumpswap_sells=0 pools=0 dups=0
[stats 181min] raw=4936635 events=103247 | creates=39 buys=45740/0 sells=57453/0 completes=0 migrations=15 pumpswap_buys=0 pumpswap_sells=0 pools=0 dups=0
[stats 181min] raw=4954295 events=103635 | creates=39 buys=45881/0 sells=57700/0 completes=0 migrations=15 pumpswap_buys=0 pumpswap_sells=0 pools=0 dups=0
[stats 182min] raw=4976806 events=103980 | creates=39 buys=46045/0 sells=57881/0 completes=0 migrations=15 pumpswap_buys=0 pumpswap_sells=0 pools=0 dups=0
[stats 182min] raw=5002752 events=104377 | creates=39 buys=46220/0 sells=58103/0 completes=0 migrations=15 pumpswap_buys=0 pumpswap_sells=0 pools=0 dups=0
[stats 183min] raw=5029748 events=104836 | creates=39 buys=46447/0 sells=58335/0 completes=0 migrations=15 pumpswap_buys=0 pumpswap_sells=0 pools=0 dups=0
[stats 183min] raw=5073152 events=105350 | creates=39 buys=46679/0 sells=58617/0 completes=0 migrations=15 pumpswap_buys=0 pumpswap_sells=0 pools=0 dups=0
[stats 184min] raw=5101977 events=105790 | creates=39 buys=46876/0 sells=58860/0 completes=0 migrations=15 pumpswap_buys=0 pumpswap_sells=0 pools=0 dups=0
[stats 184min] raw=5130247 events=106196 | creates=39 buys=47053/0 sells=59089/0 completes=0 migrations=15 pumpswap_buys=0 pumpswap_sells=0 pools=0 dups=0
[stats 185min] raw=5154101 events=106798 | creates=39 buys=47332/0 sells=59412/0 completes=0 migrations=15 pumpswap_buys=0 pumpswap_sells=0 pools=0 dups=0
[stats 185min] raw=5170505 events=107233 | creates=39 buys=47509/0 sells=59669/0 completes=0 migrations=16 pumpswap_buys=0 pumpswap_sells=0 pools=0 dups=0
[stats 186min] raw=5195475 events=107621 | creates=39 buys=47681/0 sells=59885/0 completes=0 migrations=16 pumpswap_buys=0 pumpswap_sells=0 pools=0 dups=0
[stats 186min] raw=5224227 events=107981 | creates=39 buys=47829/0 sells=60097/0 completes=0 migrations=16 pumpswap_buys=0 pumpswap_sells=0 pools=0 dups=0
[stats 187min] raw=5236797 events=108313 | creates=40 buys=47914/0 sells=60343/0 completes=0 migrations=16 pumpswap_buys=0 pumpswap_sells=0 pools=0 dups=0
[stats 187min] raw=5253428 events=108676 | creates=40 buys=48071/0 sells=60549/0 completes=0 migrations=16 pumpswap_buys=0 pumpswap_sells=0 pools=0 dups=0
[stats 188min] raw=5262997 events=108951 | creates=40 buys=48190/0 sells=60705/0 completes=0 migrations=16 pumpswap_buys=0 pumpswap_sells=0 pools=0 dups=0
[stats 188min] raw=5277544 events=109300 | creates=40 buys=48347/0 sells=60897/0 completes=0 migrations=16 pumpswap_buys=0 pumpswap_sells=0 pools=0 dups=0
[stats 189min] raw=5295863 events=109635 | creates=40 buys=48504/0 sells=61075/0 completes=0 migrations=16 pumpswap_buys=0 pumpswap_sells=0 pools=0 dups=0
[stats 189min] raw=5307711 events=109933 | creates=40 buys=48636/0 sells=61241/0 completes=0 migrations=16 pumpswap_buys=0 pumpswap_sells=0 pools=0 dups=0
[stats 190min] raw=5313006 events=110164 | creates=40 buys=48736/0 sells=61372/0 completes=0 migrations=16 pumpswap_buys=0 pumpswap_sells=0 pools=0 dups=0
[stats 190min] raw=5322108 events=110456 | creates=40 buys=48875/0 sells=61524/0 completes=0 migrations=17 pumpswap_buys=0 pumpswap_sells=0 pools=0 dups=0
[stats 191min] raw=5331261 events=110773 | creates=40 buys=49009/0 sells=61707/0 completes=0 migrations=17 pumpswap_buys=0 pumpswap_sells=0 pools=0 dups=0
[stats 191min] raw=5352535 events=111190 | creates=40 buys=49166/0 sells=61967/0 completes=0 migrations=17 pumpswap_buys=0 pumpswap_sells=0 pools=0 dups=0
[stats 192min] raw=5371318 events=111568 | creates=40 buys=49340/0 sells=62171/0 completes=0 migrations=17 pumpswap_buys=0 pumpswap_sells=0 pools=0 dups=0
[stats 192min] raw=5403740 events=112013 | creates=40 buys=49501/0 sells=62454/0 completes=0 migrations=18 pumpswap_buys=0 pumpswap_sells=0 pools=0 dups=0
[stats 193min] raw=5418192 events=112255 | creates=40 buys=49597/0 sells=62600/0 completes=0 migrations=18 pumpswap_buys=0 pumpswap_sells=0 pools=0 dups=0
[stats 193min] raw=5438272 events=112553 | creates=40 buys=49726/0 sells=62769/0 completes=0 migrations=18 pumpswap_buys=0 pumpswap_sells=0 pools=0 dups=0
[stats 194min] raw=5463916 events=112883 | creates=40 buys=49876/0 sells=62949/0 completes=0 migrations=18 pumpswap_buys=0 pumpswap_sells=0 pools=0 dups=0
[stats 194min] raw=5480311 events=113117 | creates=40 buys=49983/0 sells=63076/0 completes=0 migrations=18 pumpswap_buys=0 pumpswap_sells=0 pools=0 dups=0
[stats 195min] raw=5493903 events=113415 | creates=40 buys=50109/0 sells=63248/0 completes=0 migrations=18 pumpswap_buys=0 pumpswap_sells=0 pools=0 dups=0
[stats 195min] raw=5515099 events=113865 | creates=40 buys=50298/0 sells=63509/0 completes=0 migrations=18 pumpswap_buys=0 pumpswap_sells=0 pools=0 dups=0
[stats 196min] raw=5529838 events=114179 | creates=40 buys=50457/0 sells=63664/0 completes=0 migrations=18 pumpswap_buys=0 pumpswap_sells=0 pools=0 dups=0
[stats 196min] raw=5552723 events=114571 | creates=40 buys=50638/0 sells=63875/0 completes=0 migrations=18 pumpswap_buys=0 pumpswap_sells=0 pools=0 dups=0
[stats 197min] raw=5580549 events=114971 | creates=40 buys=50783/0 sells=64130/0 completes=0 migrations=18 pumpswap_buys=0 pumpswap_sells=0 pools=0 dups=0
[stats 197min] raw=5588967 events=115272 | creates=40 buys=50900/0 sells=64314/0 completes=0 migrations=18 pumpswap_buys=0 pumpswap_sells=0 pools=0 dups=0
[stats 198min] raw=5600251 events=115490 | creates=40 buys=50973/0 sells=64459/0 completes=0 migrations=18 pumpswap_buys=0 pumpswap_sells=0 pools=0 dups=0
[stats 198min] raw=5620944 events=115809 | creates=40 buys=51110/0 sells=64641/0 completes=0 migrations=18 pumpswap_buys=0 pumpswap_sells=0 pools=0 dups=0
[stats 199min] raw=5644049 events=116082 | creates=40 buys=51236/0 sells=64788/0 completes=0 migrations=18 pumpswap_buys=0 pumpswap_sells=0 pools=0 dups=0
[stats 199min] raw=5668243 events=116433 | creates=40 buys=51378/0 sells=64997/0 completes=0 migrations=18 pumpswap_buys=0 pumpswap_sells=0 pools=0 dups=0
[stats 200min] raw=5683736 events=116765 | creates=40 buys=51508/0 sells=65199/0 completes=0 migrations=18 pumpswap_buys=0 pumpswap_sells=0 pools=0 dups=0
[stats 200min] raw=5696002 events=117016 | creates=40 buys=51642/0 sells=65316/0 completes=0 migrations=18 pumpswap_buys=0 pumpswap_sells=0 pools=0 dups=0
[stats 201min] raw=5708988 events=117213 | creates=40 buys=51735/0 sells=65420/0 completes=0 migrations=18 pumpswap_buys=0 pumpswap_sells=0 pools=0 dups=0
[stats 201min] raw=5723230 events=117454 | creates=40 buys=51836/0 sells=65560/0 completes=0 migrations=18 pumpswap_buys=0 pumpswap_sells=0 pools=0 dups=0
[stats 202min] raw=5772594 events=118088 | creates=40 buys=52107/0 sells=65923/0 completes=0 migrations=18 pumpswap_buys=0 pumpswap_sells=0 pools=0 dups=0
[stats 202min] raw=5805758 events=118458 | creates=40 buys=52287/0 sells=66113/0 completes=0 migrations=18 pumpswap_buys=0 pumpswap_sells=0 pools=0 dups=0
[stats 203min] raw=5837857 events=118852 | creates=40 buys=52461/0 sells=66333/0 completes=0 migrations=18 pumpswap_buys=0 pumpswap_sells=0 pools=0 dups=0
[stats 203min] raw=5855100 events=119191 | creates=40 buys=52609/0 sells=66523/0 completes=0 migrations=19 pumpswap_buys=0 pumpswap_sells=0 pools=0 dups=0
[stats 204min] raw=5870243 events=119545 | creates=40 buys=52790/0 sells=66696/0 completes=0 migrations=19 pumpswap_buys=0 pumpswap_sells=0 pools=0 dups=0
[stats 204min] raw=5881319 events=119853 | creates=40 buys=52909/0 sells=66884/0 completes=0 migrations=20 pumpswap_buys=0 pumpswap_sells=0 pools=0 dups=0
[stats 205min] raw=5912337 events=120186 | creates=40 buys=53046/0 sells=67080/0 completes=0 migrations=20 pumpswap_buys=0 pumpswap_sells=0 pools=0 dups=0
[stats 205min] raw=5936958 events=120466 | creates=40 buys=53151/0 sells=67255/0 completes=0 migrations=20 pumpswap_buys=0 pumpswap_sells=0 pools=0 dups=0
[stats 206min] raw=5953511 events=120824 | creates=40 buys=53289/0 sells=67475/0 completes=0 migrations=20 pumpswap_buys=0 pumpswap_sells=0 pools=0 dups=0
[stats 206min] raw=5966817 events=120984 | creates=40 buys=53358/0 sells=67565/0 completes=0 migrations=21 pumpswap_buys=0 pumpswap_sells=0 pools=0 dups=0
[stats 207min] raw=5976646 events=121203 | creates=40 buys=53479/0 sells=67663/0 completes=0 migrations=21 pumpswap_buys=0 pumpswap_sells=0 pools=0 dups=0
[stats 207min] raw=5988330 events=121465 | creates=40 buys=53576/0 sells=67828/0 completes=0 migrations=21 pumpswap_buys=0 pumpswap_sells=0 pools=0 dups=0
[stats 208min] raw=6014429 events=121873 | creates=40 buys=53723/0 sells=68089/0 completes=0 migrations=21 pumpswap_buys=0 pumpswap_sells=0 pools=0 dups=0
[stats 208min] raw=6039361 events=122256 | creates=40 buys=53875/0 sells=68320/0 completes=0 migrations=21 pumpswap_buys=0 pumpswap_sells=0 pools=0 dups=0
[stats 209min] raw=6056216 events=122546 | creates=40 buys=54000/0 sells=68485/0 completes=0 migrations=21 pumpswap_buys=0 pumpswap_sells=0 pools=0 dups=0
[stats 209min] raw=6068683 events=122841 | creates=40 buys=54138/0 sells=68642/0 completes=0 migrations=21 pumpswap_buys=0 pumpswap_sells=0 pools=0 dups=0
[stats 210min] raw=6079087 events=123096 | creates=40 buys=54242/0 sells=68792/0 completes=0 migrations=22 pumpswap_buys=0 pumpswap_sells=0 pools=0 dups=0
[stats 210min] raw=6094617 events=123403 | creates=41 buys=54376/0 sells=68964/0 completes=0 migrations=22 pumpswap_buys=0 pumpswap_sells=0 pools=0 dups=0
[stats 211min] raw=6106603 events=123702 | creates=41 buys=54512/0 sells=69127/0 completes=0 migrations=22 pumpswap_buys=0 pumpswap_sells=0 pools=0 dups=0
[stats 211min] raw=6122928 events=124055 | creates=41 buys=54671/0 sells=69321/0 completes=0 migrations=22 pumpswap_buys=0 pumpswap_sells=0 pools=0 dups=0
[stats 212min] raw=6140658 events=124434 | creates=41 buys=54821/0 sells=69549/0 completes=0 migrations=23 pumpswap_buys=0 pumpswap_sells=0 pools=0 dups=0
[stats 212min] raw=6172406 events=124847 | creates=41 buys=54976/0 sells=69807/0 completes=0 migrations=23 pumpswap_buys=0 pumpswap_sells=0 pools=0 dups=0
[stats 213min] raw=6190494 events=125130 | creates=41 buys=55090/0 sells=69976/0 completes=0 migrations=23 pumpswap_buys=0 pumpswap_sells=0 pools=0 dups=0
[stats 213min] raw=6203437 events=125367 | creates=41 buys=55183/0 sells=70120/0 completes=0 migrations=23 pumpswap_buys=0 pumpswap_sells=0 pools=0 dups=0
[stats 214min] raw=6223006 events=125630 | creates=41 buys=55271/0 sells=70295/0 completes=0 migrations=23 pumpswap_buys=0 pumpswap_sells=0 pools=0 dups=0
[stats 214min] raw=6252521 events=126016 | creates=41 buys=55431/0 sells=70521/0 completes=0 migrations=23 pumpswap_buys=0 pumpswap_sells=0 pools=0 dups=0
[stats 215min] raw=6271939 events=126323 | creates=41 buys=55567/0 sells=70692/0 completes=0 migrations=23 pumpswap_buys=0 pumpswap_sells=0 pools=0 dups=0
[stats 215min] raw=6296871 events=126624 | creates=41 buys=55707/0 sells=70853/0 completes=0 migrations=23 pumpswap_buys=0 pumpswap_sells=0 pools=0 dups=0
[stats 216min] raw=6315776 events=126914 | creates=41 buys=55825/0 sells=71025/0 completes=0 migrations=23 pumpswap_buys=0 pumpswap_sells=0 pools=0 dups=0
[stats 216min] raw=6335227 events=127243 | creates=41 buys=55961/0 sells=71218/0 completes=0 migrations=23 pumpswap_buys=0 pumpswap_sells=0 pools=0 dups=0
[stats 217min] raw=6352254 events=127681 | creates=41 buys=56123/0 sells=71494/0 completes=0 migrations=23 pumpswap_buys=0 pumpswap_sells=0 pools=0 dups=0
[stats 217min] raw=6368437 events=127932 | creates=41 buys=56220/0 sells=71648/0 completes=0 migrations=23 pumpswap_buys=0 pumpswap_sells=0 pools=0 dups=0
[stats 218min] raw=6387643 events=128221 | creates=41 buys=56340/0 sells=71817/0 completes=0 migrations=23 pumpswap_buys=0 pumpswap_sells=0 pools=0 dups=0
[stats 218min] raw=6400739 events=128550 | creates=41 buys=56485/0 sells=72001/0 completes=0 migrations=23 pumpswap_buys=0 pumpswap_sells=0 pools=0 dups=0
[stats 219min] raw=6416480 events=128996 | creates=41 buys=56675/0 sells=72257/0 completes=0 migrations=23 pumpswap_buys=0 pumpswap_sells=0 pools=0 dups=0
[stats 219min] raw=6425843 events=129197 | creates=41 buys=56772/0 sells=72361/0 completes=0 migrations=23 pumpswap_buys=0 pumpswap_sells=0 pools=0 dups=0
[stats 220min] raw=6443885 events=129494 | creates=41 buys=56901/0 sells=72529/0 completes=0 migrations=23 pumpswap_buys=0 pumpswap_sells=0 pools=0 dups=0
[stats 220min] raw=6467484 events=129843 | creates=41 buys=57054/0 sells=72724/0 completes=0 migrations=24 pumpswap_buys=0 pumpswap_sells=0 pools=0 dups=0
[stats 221min] raw=6477427 events=130096 | creates=41 buys=57153/0 sells=72878/0 completes=0 migrations=24 pumpswap_buys=0 pumpswap_sells=0 pools=0 dups=0
[stats 221min] raw=6492308 events=130357 | creates=41 buys=57283/0 sells=73009/0 completes=0 migrations=24 pumpswap_buys=0 pumpswap_sells=0 pools=0 dups=0
[stats 222min] raw=6514464 events=130685 | creates=41 buys=57409/0 sells=73210/0 completes=0 migrations=25 pumpswap_buys=0 pumpswap_sells=0 pools=0 dups=0
[stats 222min] raw=6529789 events=130936 | creates=41 buys=57521/0 sells=73349/0 completes=0 migrations=25 pumpswap_buys=0 pumpswap_sells=0 pools=0 dups=0
[stats 223min] raw=6542677 events=131321 | creates=41 buys=57673/0 sells=73582/0 completes=0 migrations=25 pumpswap_buys=0 pumpswap_sells=0 pools=0 dups=0
[stats 223min] raw=6562234 events=131849 | creates=41 buys=57869/0 sells=73914/0 completes=0 migrations=25 pumpswap_buys=0 pumpswap_sells=0 pools=0 dups=0
[stats 224min] raw=6587538 events=132342 | creates=41 buys=58014/0 sells=74262/0 completes=0 migrations=25 pumpswap_buys=0 pumpswap_sells=0 pools=0 dups=0
[stats 224min] raw=6598059 events=132619 | creates=41 buys=58158/0 sells=74395/0 completes=0 migrations=25 pumpswap_buys=0 pumpswap_sells=0 pools=0 dups=0
[stats 225min] raw=6616011 events=133239 | creates=41 buys=58508/0 sells=74665/0 completes=0 migrations=25 pumpswap_buys=0 pumpswap_sells=0 pools=0 dups=0
[stats 225min] raw=6623465 events=133610 | creates=41 buys=58674/0 sells=74870/0 completes=0 migrations=25 pumpswap_buys=0 pumpswap_sells=0 pools=0 dups=0
[stats 226min] raw=6632008 events=134062 | creates=41 buys=58797/0 sells=75200/0 completes=0 migrations=25 pumpswap_buys=0 pumpswap_sells=0 pools=0 dups=0
[stats 226min] raw=6644258 events=134373 | creates=41 buys=58920/0 sells=75387/0 completes=0 migrations=25 pumpswap_buys=0 pumpswap_sells=0 pools=0 dups=0
[stats 227min] raw=6673819 events=134732 | creates=41 buys=59030/0 sells=75636/0 completes=0 migrations=25 pumpswap_buys=0 pumpswap_sells=0 pools=0 dups=0
[stats 227min] raw=6685122 events=135178 | creates=41 buys=59200/0 sells=75911/0 completes=0 migrations=26 pumpswap_buys=0 pumpswap_sells=0 pools=0 dups=0
[stats 228min] raw=6710348 events=135596 | creates=41 buys=59367/0 sells=76162/0 completes=0 migrations=26 pumpswap_buys=0 pumpswap_sells=0 pools=0 dups=0
[stats 228min] raw=6731753 events=135987 | creates=41 buys=59536/0 sells=76384/0 completes=0 migrations=26 pumpswap_buys=0 pumpswap_sells=0 pools=0 dups=0
[stats 229min] raw=6750378 events=136356 | creates=41 buys=59683/0 sells=76605/0 completes=0 migrations=27 pumpswap_buys=0 pumpswap_sells=0 pools=0 dups=0
[stats 229min] raw=6761293 events=136651 | creates=41 buys=59780/0 sells=76803/0 completes=0 migrations=27 pumpswap_buys=0 pumpswap_sells=0 pools=0 dups=0
[stats 230min] raw=6773578 events=136994 | creates=41 buys=59893/0 sells=77033/0 completes=0 migrations=27 pumpswap_buys=0 pumpswap_sells=0 pools=0 dups=0
[stats 230min] raw=6788651 events=137363 | creates=41 buys=60055/0 sells=77240/0 completes=0 migrations=27 pumpswap_buys=0 pumpswap_sells=0 pools=0 dups=0
[stats 231min] raw=6801375 events=137670 | creates=41 buys=60182/0 sells=77420/0 completes=0 migrations=27 pumpswap_buys=0 pumpswap_sells=0 pools=0 dups=0
[stats 231min] raw=6809147 events=137933 | creates=41 buys=60329/0 sells=77536/0 completes=0 migrations=27 pumpswap_buys=0 pumpswap_sells=0 pools=0 dups=0
[stats 232min] raw=6821683 events=138234 | creates=41 buys=60438/0 sells=77728/0 completes=0 migrations=27 pumpswap_buys=0 pumpswap_sells=0 pools=0 dups=0
[stats 232min] raw=6844094 events=138751 | creates=41 buys=60660/0 sells=78023/0 completes=0 migrations=27 pumpswap_buys=0 pumpswap_sells=0 pools=0 dups=0
[stats 233min] raw=6860839 events=139058 | creates=41 buys=60796/0 sells=78194/0 completes=0 migrations=27 pumpswap_buys=0 pumpswap_sells=0 pools=0 dups=0
[stats 233min] raw=6879272 events=139355 | creates=42 buys=60911/0 sells=78375/0 completes=0 migrations=27 pumpswap_buys=0 pumpswap_sells=0 pools=0 dups=0
[stats 234min] raw=6896225 events=139642 | creates=42 buys=61047/0 sells=78526/0 completes=0 migrations=27 pumpswap_buys=0 pumpswap_sells=0 pools=0 dups=0
[stats 234min] raw=6907985 events=139864 | creates=42 buys=61152/0 sells=78643/0 completes=0 migrations=27 pumpswap_buys=0 pumpswap_sells=0 pools=0 dups=0
[stats 235min] raw=6932178 events=140178 | creates=42 buys=61292/0 sells=78817/0 completes=0 migrations=27 pumpswap_buys=0 pumpswap_sells=0 pools=0 dups=0
[stats 235min] raw=6953232 events=140530 | creates=42 buys=61428/0 sells=79033/0 completes=0 migrations=27 pumpswap_buys=0 pumpswap_sells=0 pools=0 dups=0
[stats 236min] raw=6974935 events=140970 | creates=43 buys=61561/0 sells=79339/0 completes=0 migrations=27 pumpswap_buys=0 pumpswap_sells=0 pools=0 dups=0
[stats 236min] raw=6984685 events=141378 | creates=43 buys=61731/0 sells=79576/0 completes=0 migrations=28 pumpswap_buys=0 pumpswap_sells=0 pools=0 dups=0
[stats 237min] raw=6993945 events=141720 | creates=43 buys=61894/0 sells=79755/0 completes=0 migrations=28 pumpswap_buys=0 pumpswap_sells=0 pools=0 dups=0
[stats 237min] raw=7000783 events=141992 | creates=43 buys=61998/0 sells=79923/0 completes=0 migrations=28 pumpswap_buys=0 pumpswap_sells=0 pools=0 dups=0
[stats 238min] raw=7021520 events=142404 | creates=43 buys=62196/0 sells=80137/0 completes=0 migrations=28 pumpswap_buys=0 pumpswap_sells=0 pools=0 dups=0
[stats 238min] raw=7052644 events=142761 | creates=43 buys=62384/0 sells=80306/0 completes=0 migrations=28 pumpswap_buys=0 pumpswap_sells=0 pools=0 dups=0
[stats 239min] raw=7062591 events=143033 | creates=43 buys=62551/0 sells=80410/0 completes=0 migrations=29 pumpswap_buys=0 pumpswap_sells=0 pools=0 dups=0
[stats 239min] raw=7085406 events=143449 | creates=43 buys=62712/0 sells=80664/0 completes=0 migrations=30 pumpswap_buys=0 pumpswap_sells=0 pools=0 dups=0
[stats 240min] raw=7101496 events=143732 | creates=44 buys=62813/0 sells=80845/0 completes=0 migrations=30 pumpswap_buys=0 pumpswap_sells=0 pools=0 dups=0
[stats 240min] raw=7119925 events=143998 | creates=44 buys=62920/0 sells=81004/0 completes=0 migrations=30 pumpswap_buys=0 pumpswap_sells=0 pools=0 dups=0
[stats 241min] raw=7142797 events=144203 | creates=44 buys=62989/0 sells=81140/0 completes=0 migrations=30 pumpswap_buys=0 pumpswap_sells=0 pools=0 dups=0
[stats 241min] raw=7158131 events=144639 | creates=44 buys=63165/0 sells=81399/0 completes=0 migrations=31 pumpswap_buys=0 pumpswap_sells=0 pools=0 dups=0
[stats 242min] raw=7174879 events=144959 | creates=44 buys=63300/0 sells=81584/0 completes=0 migrations=31 pumpswap_buys=0 pumpswap_sells=0 pools=0 dups=0
[stats 242min] raw=7217213 events=145463 | creates=44 buys=63532/0 sells=81856/0 completes=0 migrations=31 pumpswap_buys=0 pumpswap_sells=0 pools=0 dups=0
[stats 243min] raw=7245955 events=145800 | creates=44 buys=63698/0 sells=82027/0 completes=0 migrations=31 pumpswap_buys=0 pumpswap_sells=0 pools=0 dups=0
[stats 243min] raw=7260892 events=146077 | creates=45 buys=63787/0 sells=82214/0 completes=0 migrations=31 pumpswap_buys=0 pumpswap_sells=0 pools=0 dups=0
[stats 244min] raw=7277923 events=146308 | creates=45 buys=63865/0 sells=82367/0 completes=0 migrations=31 pumpswap_buys=0 pumpswap_sells=0 pools=0 dups=0
[stats 244min] raw=7304681 events=146683 | creates=45 buys=64017/0 sells=82590/0 completes=0 migrations=31 pumpswap_buys=0 pumpswap_sells=0 pools=0 dups=0
[stats 245min] raw=7345341 events=147033 | creates=45 buys=64152/0 sells=82805/0 completes=0 migrations=31 pumpswap_buys=0 pumpswap_sells=0 pools=0 dups=0
[stats 245min] raw=7362238 events=147330 | creates=45 buys=64296/0 sells=82958/0 completes=0 migrations=31 pumpswap_buys=0 pumpswap_sells=0 pools=0 dups=0
[stats 246min] raw=7382540 events=147616 | creates=45 buys=64414/0 sells=83124/0 completes=0 migrations=33 pumpswap_buys=0 pumpswap_sells=0 pools=0 dups=0
[stats 246min] raw=7406564 events=147928 | creates=45 buys=64529/0 sells=83321/0 completes=0 migrations=33 pumpswap_buys=0 pumpswap_sells=0 pools=0 dups=0
[stats 247min] raw=7427026 events=148182 | creates=45 buys=64612/0 sells=83492/0 completes=0 migrations=33 pumpswap_buys=0 pumpswap_sells=0 pools=0 dups=0
[stats 247min] raw=7447738 events=148560 | creates=45 buys=64754/0 sells=83728/0 completes=0 migrations=33 pumpswap_buys=0 pumpswap_sells=0 pools=0 dups=0
[stats 248min] raw=7470168 events=149084 | creates=45 buys=64987/0 sells=84019/0 completes=0 migrations=33 pumpswap_buys=0 pumpswap_sells=0 pools=0 dups=0
[stats 248min] raw=7489037 events=149507 | creates=46 buys=65176/0 sells=84252/0 completes=0 migrations=33 pumpswap_buys=0 pumpswap_sells=0 pools=0 dups=0
[stats 249min] raw=7500037 events=149889 | creates=46 buys=65359/0 sells=84451/0 completes=0 migrations=33 pumpswap_buys=0 pumpswap_sells=0 pools=0 dups=0
[stats 249min] raw=7519425 events=150206 | creates=46 buys=65511/0 sells=84616/0 completes=0 migrations=33 pumpswap_buys=0 pumpswap_sells=0 pools=0 dups=0
[stats 250min] raw=7543709 events=150629 | creates=46 buys=65714/0 sells=84836/0 completes=0 migrations=33 pumpswap_buys=0 pumpswap_sells=0 pools=0 dups=0
[stats 250min] raw=7562448 events=150978 | creates=46 buys=65893/0 sells=85006/0 completes=0 migrations=33 pumpswap_buys=0 pumpswap_sells=0 pools=0 dups=0
[stats 251min] raw=7568736 events=151263 | creates=46 buys=66034/0 sells=85150/0 completes=0 migrations=33 pumpswap_buys=0 pumpswap_sells=0 pools=0 dups=0
[stats 251min] raw=7583012 events=151658 | creates=46 buys=66209/0 sells=85370/0 completes=0 migrations=33 pumpswap_buys=0 pumpswap_sells=0 pools=0 dups=0
[stats 252min] raw=7594342 events=152047 | creates=46 buys=66400/0 sells=85567/0 completes=0 migrations=34 pumpswap_buys=0 pumpswap_sells=0 pools=0 dups=0
[stats 252min] raw=7616241 events=152591 | creates=46 buys=66596/0 sells=85915/0 completes=0 migrations=34 pumpswap_buys=0 pumpswap_sells=0 pools=0 dups=0
[stats 253min] raw=7627526 events=152962 | creates=46 buys=66751/0 sells=86131/0 completes=0 migrations=34 pumpswap_buys=0 pumpswap_sells=0 pools=0 dups=0
[stats 253min] raw=7648584 events=153458 | creates=46 buys=66962/0 sells=86416/0 completes=0 migrations=34 pumpswap_buys=0 pumpswap_sells=0 pools=0 dups=0
[stats 254min] raw=7673147 events=153813 | creates=46 buys=67090/0 sells=86643/0 completes=0 migrations=34 pumpswap_buys=0 pumpswap_sells=0 pools=0 dups=0
[stats 254min] raw=7685340 events=154158 | creates=46 buys=67211/0 sells=86867/0 completes=0 migrations=34 pumpswap_buys=0 pumpswap_sells=0 pools=0 dups=0
[stats 255min] raw=7702108 events=154561 | creates=46 buys=67357/0 sells=87124/0 completes=0 migrations=34 pumpswap_buys=0 pumpswap_sells=0 pools=0 dups=0
[stats 255min] raw=7715650 events=154881 | creates=46 buys=67476/0 sells=87325/0 completes=0 migrations=34 pumpswap_buys=0 pumpswap_sells=0 pools=0 dups=0
[stats 256min] raw=7732602 events=155301 | creates=46 buys=67658/0 sells=87563/0 completes=0 migrations=34 pumpswap_buys=0 pumpswap_sells=0 pools=0 dups=0
[stats 256min] raw=7749281 events=155933 | creates=46 buys=68102/0 sells=87751/0 completes=0 migrations=34 pumpswap_buys=0 pumpswap_sells=0 pools=0 dups=0
[stats 257min] raw=7770326 events=156247 | creates=46 buys=68208/0 sells=87958/0 completes=0 migrations=35 pumpswap_buys=0 pumpswap_sells=0 pools=0 dups=0
[stats 257min] raw=7784999 events=156599 | creates=46 buys=68350/0 sells=88168/0 completes=0 migrations=35 pumpswap_buys=0 pumpswap_sells=0 pools=0 dups=0
[stats 258min] raw=7801972 events=157033 | creates=46 buys=68527/0 sells=88425/0 completes=0 migrations=35 pumpswap_buys=0 pumpswap_sells=0 pools=0 dups=0
[stats 258min] raw=7834783 events=157548 | creates=46 buys=68744/0 sells=88723/0 completes=0 migrations=35 pumpswap_buys=0 pumpswap_sells=0 pools=0 dups=0
[stats 259min] raw=7860509 events=158088 | creates=46 buys=69005/0 sells=89002/0 completes=0 migrations=35 pumpswap_buys=0 pumpswap_sells=0 pools=0 dups=0
[stats 259min] raw=7885918 events=158488 | creates=46 buys=69201/0 sells=89206/0 completes=0 migrations=35 pumpswap_buys=0 pumpswap_sells=0 pools=0 dups=0
[stats 260min] raw=7911858 events=158956 | creates=46 buys=69387/0 sells=89487/0 completes=0 migrations=36 pumpswap_buys=0 pumpswap_sells=0 pools=0 dups=0
[stats 260min] raw=7933036 events=159411 | creates=46 buys=69618/0 sells=89711/0 completes=0 migrations=36 pumpswap_buys=0 pumpswap_sells=0 pools=0 dups=0
[stats 261min] raw=7965433 events=159834 | creates=46 buys=69787/0 sells=89965/0 completes=0 migrations=36 pumpswap_buys=0 pumpswap_sells=0 pools=0 dups=0
[stats 261min] raw=7981349 events=160208 | creates=46 buys=69974/0 sells=90152/0 completes=0 migrations=36 pumpswap_buys=0 pumpswap_sells=0 pools=0 dups=0
[stats 262min] raw=8001328 events=160595 | creates=46 buys=70145/0 sells=90368/0 completes=0 migrations=36 pumpswap_buys=0 pumpswap_sells=0 pools=0 dups=0
[stats 262min] raw=8014616 events=160900 | creates=46 buys=70300/0 sells=90518/0 completes=0 migrations=36 pumpswap_buys=0 pumpswap_sells=0 pools=0 dups=0
[stats 263min] raw=8020670 events=161184 | creates=46 buys=70431/0 sells=90671/0 completes=0 migrations=36 pumpswap_buys=0 pumpswap_sells=0 pools=0 dups=0
[stats 263min] raw=8035236 events=161617 | creates=46 buys=70620/0 sells=90915/0 completes=0 migrations=36 pumpswap_buys=0 pumpswap_sells=0 pools=0 dups=0
[stats 264min] raw=8051767 events=161968 | creates=46 buys=70763/0 sells=91123/0 completes=0 migrations=36 pumpswap_buys=0 pumpswap_sells=0 pools=0 dups=0
[stats 264min] raw=8081410 events=162482 | creates=47 buys=70984/0 sells=91415/0 completes=0 migrations=36 pumpswap_buys=0 pumpswap_sells=0 pools=0 dups=0
[stats 265min] raw=8098575 events=162995 | creates=47 buys=71209/0 sells=91703/0 completes=0 migrations=36 pumpswap_buys=0 pumpswap_sells=0 pools=0 dups=0
[stats 265min] raw=8116377 events=163438 | creates=47 buys=71376/0 sells=91979/0 completes=0 migrations=36 pumpswap_buys=0 pumpswap_sells=0 pools=0 dups=0
[stats 266min] raw=8131061 events=163744 | creates=47 buys=71497/0 sells=92163/0 completes=0 migrations=37 pumpswap_buys=0 pumpswap_sells=0 pools=0 dups=0
[stats 266min] raw=8154056 events=164203 | creates=47 buys=71711/0 sells=92408/0 completes=0 migrations=37 pumpswap_buys=0 pumpswap_sells=0 pools=0 dups=0
[stats 267min] raw=8174353 events=164552 | creates=47 buys=71858/0 sells=92610/0 completes=0 migrations=37 pumpswap_buys=0 pumpswap_sells=0 pools=0 dups=0
[stats 267min] raw=8199375 events=165074 | creates=47 buys=72010/0 sells=92980/0 completes=0 migrations=37 pumpswap_buys=0 pumpswap_sells=0 pools=0 dups=0
[stats 268min] raw=8221103 events=165451 | creates=47 buys=72137/0 sells=93230/0 completes=0 migrations=37 pumpswap_buys=0 pumpswap_sells=0 pools=0 dups=0
[stats 268min] raw=8230909 events=165713 | creates=47 buys=72238/0 sells=93391/0 completes=0 migrations=37 pumpswap_buys=0 pumpswap_sells=0 pools=0 dups=0
[stats 269min] raw=8241266 events=165952 | creates=47 buys=72338/0 sells=93530/0 completes=0 migrations=37 pumpswap_buys=0 pumpswap_sells=0 pools=0 dups=0
[stats 269min] raw=8267652 events=166296 | creates=47 buys=72479/0 sells=93733/0 completes=0 migrations=37 pumpswap_buys=0 pumpswap_sells=0 pools=0 dups=0
[stats 270min] raw=8278781 events=166611 | creates=47 buys=72609/0 sells=93918/0 completes=0 migrations=37 pumpswap_buys=0 pumpswap_sells=0 pools=0 dups=0
[stats 270min] raw=8289823 events=166849 | creates=47 buys=72715/0 sells=94050/0 completes=0 migrations=37 pumpswap_buys=0 pumpswap_sells=0 pools=0 dups=0
[stats 271min] raw=8294217 events=167028 | creates=47 buys=72801/0 sells=94143/0 completes=0 migrations=37 pumpswap_buys=0 pumpswap_sells=0 pools=0 dups=0
[stats 271min] raw=8309400 events=167263 | creates=47 buys=72907/0 sells=94272/0 completes=0 migrations=37 pumpswap_buys=0 pumpswap_sells=0 pools=0 dups=0
[stats 272min] raw=8325649 events=167530 | creates=47 buys=73032/0 sells=94413/0 completes=0 migrations=38 pumpswap_buys=0 pumpswap_sells=0 pools=0 dups=0
[stats 272min] raw=8337918 events=167802 | creates=47 buys=73176/0 sells=94541/0 completes=0 migrations=38 pumpswap_buys=0 pumpswap_sells=0 pools=0 dups=0
[stats 273min] raw=8350039 events=168016 | creates=47 buys=73277/0 sells=94654/0 completes=0 migrations=38 pumpswap_buys=0 pumpswap_sells=0 pools=0 dups=0
[stats 273min] raw=8365668 events=168322 | creates=47 buys=73397/0 sells=94839/0 completes=0 migrations=39 pumpswap_buys=0 pumpswap_sells=0 pools=0 dups=0
[stats 274min] raw=8378339 events=168511 | creates=47 buys=73480/0 sells=94945/0 completes=0 migrations=39 pumpswap_buys=0 pumpswap_sells=0 pools=0 dups=0
[stats 274min] raw=8408007 events=169362 | creates=47 buys=73764/0 sells=95512/0 completes=0 migrations=39 pumpswap_buys=0 pumpswap_sells=0 pools=0 dups=0
[stats 275min] raw=8419474 events=169580 | creates=47 buys=73864/0 sells=95630/0 completes=0 migrations=39 pumpswap_buys=0 pumpswap_sells=0 pools=0 dups=0
[stats 275min] raw=8434123 events=169819 | creates=47 buys=73953/0 sells=95779/0 completes=0 migrations=40 pumpswap_buys=0 pumpswap_sells=0 pools=0 dups=0
[stats 276min] raw=8451114 events=170037 | creates=47 buys=74059/0 sells=95891/0 completes=0 migrations=40 pumpswap_buys=0 pumpswap_sells=0 pools=0 dups=0
[stats 276min] raw=8461574 events=170194 | creates=47 buys=74133/0 sells=95974/0 completes=0 migrations=40 pumpswap_buys=0 pumpswap_sells=0 pools=0 dups=0
[stats 277min] raw=8470919 events=170365 | creates=47 buys=74231/0 sells=96047/0 completes=0 migrations=40 pumpswap_buys=0 pumpswap_sells=0 pools=0 dups=0
[stats 277min] raw=8492363 events=170732 | creates=47 buys=74364/0 sells=96280/0 completes=0 migrations=41 pumpswap_buys=0 pumpswap_sells=0 pools=0 dups=0
[stats 278min] raw=8516112 events=171242 | creates=47 buys=74666/0 sells=96488/0 completes=0 migrations=41 pumpswap_buys=0 pumpswap_sells=0 pools=0 dups=0
[stats 278min] raw=8540098 events=171567 | creates=47 buys=74792/0 sells=96686/0 completes=0 migrations=42 pumpswap_buys=0 pumpswap_sells=0 pools=0 dups=0
[stats 279min] raw=8559025 events=171928 | creates=47 buys=74937/0 sells=96902/0 completes=0 migrations=42 pumpswap_buys=0 pumpswap_sells=0 pools=0 dups=0
[stats 279min] raw=8577846 events=172277 | creates=47 buys=75075/0 sells=97113/0 completes=0 migrations=42 pumpswap_buys=0 pumpswap_sells=0 pools=0 dups=0
[stats 280min] raw=8597307 events=172640 | creates=47 buys=75220/0 sells=97331/0 completes=0 migrations=42 pumpswap_buys=0 pumpswap_sells=0 pools=0 dups=0
[stats 280min] raw=8608821 events=172852 | creates=47 buys=75290/0 sells=97473/0 completes=0 migrations=42 pumpswap_buys=0 pumpswap_sells=0 pools=0 dups=0
[stats 281min] raw=8615685 events=173119 | creates=47 buys=75393/0 sells=97637/0 completes=0 migrations=42 pumpswap_buys=0 pumpswap_sells=0 pools=0 dups=0
[stats 281min] raw=8626980 events=173662 | creates=47 buys=75737/0 sells=97835/0 completes=0 migrations=43 pumpswap_buys=0 pumpswap_sells=0 pools=0 dups=0
[stats 282min] raw=8638822 events=173906 | creates=47 buys=75838/0 sells=97978/0 completes=0 migrations=43 pumpswap_buys=0 pumpswap_sells=0 pools=0 dups=0
[stats 282min] raw=8654545 events=174169 | creates=47 buys=75925/0 sells=98154/0 completes=0 migrations=43 pumpswap_buys=0 pumpswap_sells=0 pools=0 dups=0
[stats 283min] raw=8668235 events=174421 | creates=47 buys=76009/0 sells=98320/0 completes=0 migrations=45 pumpswap_buys=0 pumpswap_sells=0 pools=0 dups=0
[stats 283min] raw=8676964 events=174658 | creates=47 buys=76127/0 sells=98439/0 completes=0 migrations=45 pumpswap_buys=0 pumpswap_sells=0 pools=0 dups=0
[stats 284min] raw=8685034 events=174856 | creates=47 buys=76198/0 sells=98566/0 completes=0 migrations=45 pumpswap_buys=0 pumpswap_sells=0 pools=0 dups=0
[stats 284min] raw=8699612 events=175059 | creates=47 buys=76263/0 sells=98704/0 completes=0 migrations=45 pumpswap_buys=0 pumpswap_sells=0 pools=0 dups=0
[stats 285min] raw=8725178 events=175555 | creates=47 buys=76387/0 sells=99076/0 completes=0 migrations=45 pumpswap_buys=0 pumpswap_sells=0 pools=0 dups=0
[stats 285min] raw=8749244 events=176107 | creates=47 buys=76540/0 sells=99475/0 completes=0 migrations=45 pumpswap_buys=0 pumpswap_sells=0 pools=0 dups=0
[stats 286min] raw=8762773 events=176381 | creates=48 buys=76639/0 sells=99649/0 completes=0 migrations=45 pumpswap_buys=0 pumpswap_sells=0 pools=0 dups=0
[stats 286min] raw=8771658 events=176648 | creates=48 buys=76753/0 sells=99802/0 completes=0 migrations=45 pumpswap_buys=0 pumpswap_sells=0 pools=0 dups=0
[stats 287min] raw=8786465 events=177026 | creates=48 buys=76835/0 sells=100098/0 completes=0 migrations=45 pumpswap_buys=0 pumpswap_sells=0 pools=0 dups=0
[stats 287min] raw=8795841 events=177314 | creates=48 buys=76916/0 sells=100305/0 completes=0 migrations=45 pumpswap_buys=0 pumpswap_sells=0 pools=0 dups=0
[stats 288min] raw=8816519 events=177639 | creates=48 buys=77044/0 sells=100502/0 completes=0 migrations=45 pumpswap_buys=0 pumpswap_sells=0 pools=0 dups=0
[stats 288min] raw=8839148 events=177920 | creates=48 buys=77174/0 sells=100653/0 completes=0 migrations=45 pumpswap_buys=0 pumpswap_sells=0 pools=0 dups=0
[stats 289min] raw=8853326 events=178158 | creates=48 buys=77276/0 sells=100789/0 completes=0 migrations=45 pumpswap_buys=0 pumpswap_sells=0 pools=0 dups=0
[stats 289min] raw=8876008 events=178467 | creates=48 buys=77435/0 sells=100939/0 completes=0 migrations=45 pumpswap_buys=0 pumpswap_sells=0 pools=0 dups=0
[stats 290min] raw=8908682 events=178787 | creates=48 buys=77584/0 sells=101110/0 completes=0 migrations=45 pumpswap_buys=0 pumpswap_sells=0 pools=0 dups=0
[stats 290min] raw=8930481 events=179204 | creates=48 buys=77755/0 sells=101356/0 completes=0 migrations=45 pumpswap_buys=0 pumpswap_sells=0 pools=0 dups=0
[stats 291min] raw=8955600 events=179551 | creates=48 buys=77921/0 sells=101537/0 completes=0 migrations=45 pumpswap_buys=0 pumpswap_sells=0 pools=0 dups=0
[stats 291min] raw=8982051 events=179843 | creates=48 buys=78067/0 sells=101683/0 completes=0 migrations=45 pumpswap_buys=0 pumpswap_sells=0 pools=0 dups=0
[stats 292min] raw=9002540 events=180168 | creates=48 buys=78216/0 sells=101859/0 completes=0 migrations=45 pumpswap_buys=0 pumpswap_sells=0 pools=0 dups=0
[stats 292min] raw=9027433 events=180487 | creates=48 buys=78370/0 sells=102024/0 completes=0 migrations=45 pumpswap_buys=0 pumpswap_sells=0 pools=0 dups=0
[stats 293min] raw=9043133 events=180756 | creates=48 buys=78503/0 sells=102160/0 completes=0 migrations=45 pumpswap_buys=0 pumpswap_sells=0 pools=0 dups=0
[stats 293min] raw=9056846 events=180920 | creates=48 buys=78577/0 sells=102250/0 completes=0 migrations=45 pumpswap_buys=0 pumpswap_sells=0 pools=0 dups=0
[stats 294min] raw=9066136 events=181226 | creates=48 buys=78691/0 sells=102442/0 completes=0 migrations=45 pumpswap_buys=0 pumpswap_sells=0 pools=0 dups=0
[stats 294min] raw=9076897 events=181406 | creates=48 buys=78782/0 sells=102531/0 completes=0 migrations=45 pumpswap_buys=0 pumpswap_sells=0 pools=0 dups=0
[stats 295min] raw=9089858 events=181693 | creates=48 buys=78924/0 sells=102676/0 completes=0 migrations=45 pumpswap_buys=0 pumpswap_sells=0 pools=0 dups=0
[stats 295min] raw=9099460 events=181974 | creates=48 buys=79055/0 sells=102826/0 completes=0 migrations=45 pumpswap_buys=0 pumpswap_sells=0 pools=0 dups=0
[stats 296min] raw=9109200 events=182240 | creates=48 buys=79150/0 sells=102997/0 completes=0 migrations=45 pumpswap_buys=0 pumpswap_sells=0 pools=0 dups=0
[stats 296min] raw=9122119 events=182521 | creates=48 buys=79273/0 sells=103155/0 completes=0 migrations=45 pumpswap_buys=0 pumpswap_sells=0 pools=0 dups=0
[stats 297min] raw=9135322 events=182771 | creates=48 buys=79389/0 sells=103289/0 completes=0 migrations=45 pumpswap_buys=0 pumpswap_sells=0 pools=0 dups=0
[stats 297min] raw=9158755 events=183207 | creates=48 buys=79551/0 sells=103563/0 completes=0 migrations=45 pumpswap_buys=0 pumpswap_sells=0 pools=0 dups=0
[stats 298min] raw=9172289 events=183612 | creates=48 buys=79699/0 sells=103820/0 completes=0 migrations=45 pumpswap_buys=0 pumpswap_sells=0 pools=0 dups=0
[stats 298min] raw=9187622 events=183858 | creates=48 buys=79810/0 sells=103955/0 completes=0 migrations=45 pumpswap_buys=0 pumpswap_sells=0 pools=0 dups=0
[stats 299min] raw=9202932 events=184145 | creates=48 buys=79936/0 sells=104116/0 completes=0 migrations=45 pumpswap_buys=0 pumpswap_sells=0 pools=0 dups=0
[stats 299min] raw=9217431 events=184405 | creates=48 buys=80067/0 sells=104245/0 completes=0 migrations=45 pumpswap_buys=0 pumpswap_sells=0 pools=0 dups=0
[stats 300min] raw=9231192 events=184731 | creates=48 buys=80206/0 sells=104432/0 completes=0 migrations=45 pumpswap_buys=0 pumpswap_sells=0 pools=0 dups=0

[TIMEOUT] Reached 300 min limit — stopping.

=== FINALIZING ===
Hashing raw files for manifest...
[stats 300min] raw=9231193 events=184731 | creates=48 buys=80206/0 sells=104432/0 completes=0 migrations=45 pumpswap_buys=0 pumpswap_sells=0 pools=0 dups=0
=== CAPTURE COMPLETE ===
Session: 20260823_133256_000398
Duration: 299 minutes
Raw records: 9231193
Events: 184731
Manifest: /mnt/d/repos/mev_bot/tools/stream-capture-rs/grpc-server-only/training-data/pumpfun_laserstream_manifest_v1_20260823_133256_000398.json
